Archive member included to satisfy reference by file (symbol)

ym/microbit/source/microbit.a(MicroBit.cpp.o)
                              src/CMakeFiles/scratch-microbit-firmware.dir/Users/bucchierimarc/Documents/WMSI/scratch-microbit-firmware-master/src/main.cpp.o (MicroBit::MicroBit())
ym/microbit-dal/source/microbit-dal.a(MicroBitDevice.cpp.o)
                              ym/microbit/source/microbit.a(MicroBit.cpp.o) (microbit_serial_number())
ym/microbit-dal/source/microbit-dal.a(MicroBitFiber.cpp.o)
                              ym/microbit/source/microbit.a(MicroBit.cpp.o) (scheduler_init(EventModel&))
ym/microbit-dal/source/microbit-dal.a(MicroBitFont.cpp.o)
                              ym/microbit-dal/source/microbit-dal.a(MicroBitDevice.cpp.o) (MicroBitFont::defaultFont)
ym/microbit-dal/source/microbit-dal.a(MicroBitHeapAllocator.cpp.o)
                              ym/microbit/source/microbit.a(MicroBit.cpp.o) (microbit_create_heap(unsigned long, unsigned long))
ym/microbit-dal/source/microbit-dal.a(MicroBitListener.cpp.o)
                              src/CMakeFiles/scratch-microbit-firmware.dir/Users/bucchierimarc/Documents/WMSI/scratch-microbit-firmware-master/src/main.cpp.o (MicroBitListener::MicroBitListener(unsigned short, unsigned short, void (*)(MicroBitEvent), unsigned short))
ym/microbit-dal/source/microbit-dal.a(MicroBitSystemTimer.cpp.o)
                              src/CMakeFiles/scratch-microbit-firmware.dir/Users/bucchierimarc/Documents/WMSI/scratch-microbit-firmware-master/src/ScratchBLEService.cpp.o (system_timer_current_time())
ym/microbit-dal/source/microbit-dal.a(ManagedString.cpp.o)
                              src/CMakeFiles/scratch-microbit-firmware.dir/Users/bucchierimarc/Documents/WMSI/scratch-microbit-firmware-master/src/ScratchBLEService.cpp.o (ManagedString::~ManagedString())
ym/microbit-dal/source/microbit-dal.a(MicroBitEvent.cpp.o)
                              src/CMakeFiles/scratch-microbit-firmware.dir/Users/bucchierimarc/Documents/WMSI/scratch-microbit-firmware-master/src/ScratchBLEService.cpp.o (MicroBitEvent::MicroBitEvent())
ym/microbit-dal/source/microbit-dal.a(MicroBitImage.cpp.o)
                              src/CMakeFiles/scratch-microbit-firmware.dir/Users/bucchierimarc/Documents/WMSI/scratch-microbit-firmware-master/src/main.cpp.o (MicroBitImage::~MicroBitImage())
ym/microbit-dal/source/microbit-dal.a(PacketBuffer.cpp.o)
                              ym/microbit-dal/source/microbit-dal.a(ManagedString.cpp.o) (PacketBuffer::getBytes())
ym/microbit-dal/source/microbit-dal.a(RefCounted.cpp.o)
                              ym/microbit-dal/source/microbit-dal.a(ManagedString.cpp.o) (RefCounted::init())
ym/microbit-dal/source/microbit-dal.a(MicroBitAccelerometer.cpp.o)
                              ym/microbit/source/microbit.a(MicroBit.cpp.o) (MicroBitAccelerometer::autoDetect(MicroBitI2C&))
ym/microbit-dal/source/microbit-dal.a(MicroBitButton.cpp.o)
                              src/CMakeFiles/scratch-microbit-firmware.dir/Users/bucchierimarc/Documents/WMSI/scratch-microbit-firmware-master/src/main.cpp.o (MicroBitButton::~MicroBitButton())
ym/microbit-dal/source/microbit-dal.a(MicroBitCompass.cpp.o)
                              ym/microbit/source/microbit.a(MicroBit.cpp.o) (MicroBitCompass::autoDetect(MicroBitI2C&))
ym/microbit-dal/source/microbit-dal.a(MicroBitCompassCalibrator.cpp.o)
                              ym/microbit/source/microbit.a(MicroBit.cpp.o) (MicroBitCompassCalibrator::MicroBitCompassCalibrator(MicroBitCompass&, MicroBitAccelerometer&, MicroBitDisplay&, MicroBitStorage&))
ym/microbit-dal/source/microbit-dal.a(MicroBitDisplay.cpp.o)
                              src/CMakeFiles/scratch-microbit-firmware.dir/Users/bucchierimarc/Documents/WMSI/scratch-microbit-firmware-master/src/main.cpp.o (MicroBitDisplay::~MicroBitDisplay())
ym/microbit-dal/source/microbit-dal.a(MicroBitI2C.cpp.o)
                              ym/microbit/source/microbit.a(MicroBit.cpp.o) (MicroBitI2C::MicroBitI2C(PinName, PinName))
ym/microbit-dal/source/microbit-dal.a(MicroBitIO.cpp.o)
                              ym/microbit/source/microbit.a(MicroBit.cpp.o) (MicroBitIO::MicroBitIO(int, int, int, int, int, int, int, int, int, int, int, int, int, int, int, int, int, int, int))
ym/microbit-dal/source/microbit-dal.a(MicroBitLightSensor.cpp.o)
                              ym/microbit-dal/source/microbit-dal.a(MicroBitDisplay.cpp.o) (MicroBitLightSensor::read())
ym/microbit-dal/source/microbit-dal.a(MicroBitMessageBus.cpp.o)
                              ym/microbit/source/microbit.a(MicroBit.cpp.o) (MicroBitMessageBus::add(MicroBitListener*))
ym/microbit-dal/source/microbit-dal.a(MicroBitMultiButton.cpp.o)
                              ym/microbit/source/microbit.a(MicroBit.cpp.o) (MicroBitMultiButton::setEventConfiguration(MicroBitButtonEventConfiguration))
ym/microbit-dal/source/microbit-dal.a(MicroBitPin.cpp.o)
[...]
Memory Configuration

Name             Origin             Length             Attributes
FLASH            0x0000000000018000 0x0000000000028000 xr
RAM              0x0000000020002000 0x0000000000002000 xrw
*default*        0x0000000000000000 0xffffffffffffffff

Linker script and memory map

LOAD /usr/local/Cellar/arm-none-eabi-gcc/8-2018-q4-major/gcc/bin/../lib/gcc/arm-none-eabi/8.2.1/thumb/v6-m/nofp/crti.o
LOAD /usr/local/Cellar/arm-none-eabi-gcc/8-2018-q4-major/gcc/bin/../lib/gcc/arm-none-eabi/8.2.1/thumb/v6-m/nofp/crtbegin.o
LOAD /usr/local/Cellar/arm-none-eabi-gcc/8-2018-q4-major/gcc/bin/../lib/gcc/arm-none-eabi/8.2.1/../../../../arm-none-eabi/lib/thumb/v6-m/nofp/crt0.o
START GROUP
LOAD src/CMakeFiles/scratch-microbit-firmware.dir/Users/bucchierimarc/Documents/WMSI/scratch-microbit-firmware-master/src/ScratchBLEService.cpp.o
LOAD src/CMakeFiles/scratch-microbit-firmware.dir/Users/bucchierimarc/Documents/WMSI/scratch-microbit-firmware-master/src/main.cpp.o
LOAD ym/microbit/source/microbit.a
LOAD ym/microbit-dal/source/microbit-dal.a
LOAD ym/ble/source/ble.a
LOAD ym/ble-nrf51822/source/ble-nrf51822.a
LOAD ym/ble/source/ble.a
LOAD ym/ble-nrf51822/source/ble-nrf51822.a
LOAD ym/nrf51-sdk/source/nrf51-sdk.a
LOAD ym/mbed-classic/existing/mbed-classic.a
LOAD /usr/local/Cellar/arm-none-eabi-gcc/8-2018-q4-major/gcc/bin/../lib/gcc/arm-none-eabi/8.2.1/../../../../arm-none-eabi/lib/thumb/v6-m/nofp/libnosys.a
LOAD /usr/local/Cellar/arm-none-eabi-gcc/8-2018-q4-major/gcc/bin/../lib/gcc/arm-none-eabi/8.2.1/../../../../arm-none-eabi/lib/thumb/v6-m/nofp/libstdc++_nano.a
LOAD /usr/local/Cellar/arm-none-eabi-gcc/8-2018-q4-major/gcc/bin/../lib/gcc/arm-none-eabi/8.2.1/../../../../arm-none-eabi/lib/thumb/v6-m/nofp/libsupc++_nano.a
LOAD /usr/local/Cellar/arm-none-eabi-gcc/8-2018-q4-major/gcc/bin/../lib/gcc/arm-none-eabi/8.2.1/thumb/v6-m/nofp/libgcc.a
LOAD /usr/local/Cellar/arm-none-eabi-gcc/8-2018-q4-major/gcc/bin/../lib/gcc/arm-none-eabi/8.2.1/../../../../arm-none-eabi/lib/thumb/v6-m/nofp/libstdc++_nano.a
LOAD /usr/local/Cellar/arm-none-eabi-gcc/8-2018-q4-major/gcc/bin/../lib/gcc/arm-none-eabi/8.2.1/../../../../arm-none-eabi/lib/thumb/v6-m/nofp/libsupc++_nano.a
LOAD /usr/local/Cellar/arm-none-eabi-gcc/8-2018-q4-major/gcc/bin/../lib/gcc/arm-none-eabi/8.2.1/../../../../arm-none-eabi/lib/thumb/v6-m/nofp/libm.a
LOAD /usr/local/Cellar/arm-none-eabi-gcc/8-2018-q4-major/gcc/bin/../lib/gcc/arm-none-eabi/8.2.1/../../../../arm-none-eabi/lib/thumb/v6-m/nofp/libc_nano.a
LOAD /usr/local/Cellar/arm-none-eabi-gcc/8-2018-q4-major/gcc/bin/../lib/gcc/arm-none-eabi/8.2.1/thumb/v6-m/nofp/libgcc.a
END GROUP
LOAD /usr/local/Cellar/arm-none-eabi-gcc/8-2018-q4-major/gcc/bin/../lib/gcc/arm-none-eabi/8.2.1/../../../../arm-none-eabi/lib/thumb/v6-m/nofp/libstdc++_nano.a
LOAD /usr/local/Cellar/arm-none-eabi-gcc/8-2018-q4-major/gcc/bin/../lib/gcc/arm-none-eabi/8.2.1/../../../../arm-none-eabi/lib/thumb/v6-m/nofp/libm.a
LOAD /usr/local/Cellar/arm-none-eabi-gcc/8-2018-q4-major/gcc/bin/../lib/gcc/arm-none-eabi/8.2.1/../../../../arm-none-eabi/lib/thumb/v6-m/nofp/libc_nano.a
START GROUP
LOAD /usr/local/Cellar/arm-none-eabi-gcc/8-2018-q4-major/gcc/bin/../lib/gcc/arm-none-eabi/8.2.1/thumb/v6-m/nofp/libgcc.a
LOAD /usr/local/Cellar/arm-none-eabi-gcc/8-2018-q4-major/gcc/bin/../lib/gcc/arm-none-eabi/8.2.1/../../../../arm-none-eabi/lib/thumb/v6-m/nofp/libc_nano.a
END GROUP
START GROUP
LOAD /usr/local/Cellar/arm-none-eabi-gcc/8-2018-q4-major/gcc/bin/../lib/gcc/arm-none-eabi/8.2.1/thumb/v6-m/nofp/libgcc.a
LOAD /usr/local/Cellar/arm-none-eabi-gcc/8-2018-q4-major/gcc/bin/../lib/gcc/arm-none-eabi/8.2.1/../../../../arm-none-eabi/lib/thumb/v6-m/nofp/libc_nano.a
END GROUP
LOAD /usr/local/Cellar/arm-none-eabi-gcc/8-2018-q4-major/gcc/bin/../lib/gcc/arm-none-eabi/8.2.1/thumb/v6-m/nofp/crtend.o
LOAD /usr/local/Cellar/arm-none-eabi-gcc/8-2018-q4-major/gcc/bin/../lib/gcc/arm-none-eabi/8.2.1/thumb/v6-m/nofp/crtn.o

.text           0x0000000000018000    0x10bc0
 *(SORT_BY_ALIGNMENT(.Vectors))
 .Vectors       0x0000000000018000       0xc0 ym/mbed-classic/existing/mbed-classic.a(startup_NRF51822.S.obj)
                0x0000000000018000                __Vectors
 *(SORT_BY_ALIGNMENT(.text*))
 .text          0x00000000000180c0       0x48 /usr/local/Cellar/arm-none-eabi-gcc/8-2018-q4-major/gcc/bin/../lib/gcc/arm-none-eabi/8.2.1/thumb/v6-m/nofp/crtbegin.o
 .text          0x0000000000018108       0x78 /usr/local/Cellar/arm-none-eabi-gcc/8-2018-q4-major/gcc/bin/../lib/gcc/arm-none-eabi/8.2.1/../../../../arm-none-eabi/lib/thumb/v6-m/nofp/crt0.o
                0x0000000000018108                _mainCRTStartup
                0x0000000000018108                _start
 .text._ZN17ScratchBLEService13onDataWrittenEPK23GattWriteCallbackParams
                0x0000000000018180      0x12c src/CMakeFiles/scratch-microbit-firmware.dir/Users/bucchierimarc/Documents/WMSI/scratch-microbit-firmware-master/src/ScratchBLEService.cpp.o
                0x0000000000018180                ScratchBLEService::onDataWritten(GattWriteCallbackParams const*)
 .text._ZN18GattCharacteristicC2ERK4UUIDPhtthPP13GattAttributejb
                0x00000000000182ac       0x8c src/CMakeFiles/scratch-microbit-firmware.dir/Users/bucchierimarc/Documents/WMSI/scratch-microbit-firmware-master/src/ScratchBLEService.cpp.o
                0x00000000000182ac                GattCharacteristic::GattCharacteristic(UUID const&, unsigned char*, unsigned short, unsigned short, unsigned char, GattAttribute**, unsigned int, bool)
                0x00000000000182ac                GattCharacteristic::GattCharacteristic(UUID const&, unsigned char*, unsigned short, unsigned short, unsigned char, GattAttribute**, unsigned int, bool)
 .text._ZN17ScratchBLEService10postUpdateEv
                0x0000000000018338       0x98 src/CMakeFiles/scratch-microbit-firmware.dir/Users/bucchierimarc/Documents/WMSI/scratch-microbit-firmware-master/src/ScratchBLEService.cpp.o
                0x0000000000018338                ScratchBLEService::postUpdate()
 .text._ZN17ScratchBLEService19accelerometerUpdateE13MicroBitEvent
                0x00000000000183d0      0x12c src/CMakeFiles/scratch-microbit-firmware.dir/Users/bucchierimarc/Documents/WMSI/scratch-microbit-firmware-master/src/ScratchBLEService.cpp.o
                0x00000000000183d0                ScratchBLEService::accelerometerUpdate(MicroBitEvent)
 .text._ZN10EventModel6listenI17ScratchBLEServiceEEittPT_MS2_Fv13MicroBitEventEt
                0x00000000000184fc       0xa8 src/CMakeFiles/scratch-microbit-firmware.dir/Users/bucchierimarc/Documents/WMSI/scratch-microbit-firmware-master/src/ScratchBLEService.cpp.o
                0x00000000000184fc                int EventModel::listen<ScratchBLEService>(unsigned short, unsigned short, ScratchBLEService*, void (ScratchBLEService::*)(MicroBitEvent), unsigned short)
 .text._ZN17ScratchBLEServiceC2ER8MicroBit
                0x00000000000185a4      0x3a0 src/CMakeFiles/scratch-microbit-firmware.dir/Users/bucchierimarc/Documents/WMSI/scratch-microbit-firmware-master/src/ScratchBLEService.cpp.o
                0x00000000000185a4                ScratchBLEService::ScratchBLEService(MicroBit&)
                0x00000000000185a4                ScratchBLEService::ScratchBLEService(MicroBit&)
 .text._Z14onDisconnected13MicroBitEvent
                0x0000000000018944       0x10 src/CMakeFiles/scratch-microbit-firmware.dir/Users/bucchierimarc/Documents/WMSI/scratch-microbit-firmware-master/src/main.cpp.o
                0x0000000000018944                onDisconnected(MicroBitEvent)
 .text._Z11onConnected13MicroBitEvent
                0x0000000000018954       0x50 src/CMakeFiles/scratch-microbit-firmware.dir/Users/bucchierimarc/Documents/WMSI/scratch-microbit-firmware-master/src/main.cpp.o
                0x0000000000018954                onConnected(MicroBitEvent)
 .text._ZN14MicroBitSerialD2Ev
                0x00000000000189a4       0x18 src/CMakeFiles/scratch-microbit-firmware.dir/Users/bucchierimarc/Documents/WMSI/scratch-microbit-firmware-master/src/main.cpp.o
                0x00000000000189a4                MicroBitSerial::~MicroBitSerial()
                0x00000000000189a4                MicroBitSerial::~MicroBitSerial()
 .text._ZN10EventModel6listenEiiPFv13MicroBitEventEt
                0x00000000000189bc       0x5c src/CMakeFiles/scratch-microbit-firmware.dir/Users/bucchierimarc/Documents/WMSI/scratch-microbit-firmware-master/src/main.cpp.o
                0x00000000000189bc                EventModel::listen(int, int, void (*)(MicroBitEvent), unsigned short)
 .text.startup.main
                0x0000000000018a18       0x9c src/CMakeFiles/scratch-microbit-firmware.dir/Users/bucchierimarc/Documents/WMSI/scratch-microbit-firmware-master/src/main.cpp.o
                0x0000000000018a18                main
 .text.startup._GLOBAL__sub_I_uBit
                0x0000000000018ab4       0x64 src/CMakeFiles/scratch-microbit-firmware.dir/Users/bucchierimarc/Documents/WMSI/scratch-microbit-firmware-master/src/main.cpp.o
 .text._ZN8MicroBitD2Ev
                0x0000000000018b18       0x58 src/CMakeFiles/scratch-microbit-firmware.dir/Users/bucchierimarc/Documents/WMSI/scratch-microbit-firmware-master/src/main.cpp.o
                0x0000000000018b18                MicroBit::~MicroBit()
                0x0000000000018b18                MicroBit::~MicroBit()
 .text._ZN8MicroBitC2Ev
                0x0000000000018b70      0x170 ym/microbit/source/microbit.a(MicroBit.cpp.o)
                0x0000000000018b70                MicroBit::MicroBit()
                0x0000000000018b70                MicroBit::MicroBit()
 .text._ZN8MicroBit4initEv
                0x0000000000018ce0      0x110 ym/microbit/source/microbit.a(MicroBit.cpp.o)
                0x0000000000018ce0                MicroBit::init()
 .text.NVIC_SystemReset
                0x0000000000018df0       0x18 ym/microbit-dal/source/microbit-dal.a(MicroBitDevice.cpp.o)
 .text._Z22microbit_friendly_namev
                0x0000000000018e08       0x6c ym/microbit-dal/source/microbit-dal.a(MicroBitDevice.cpp.o)
                0x0000000000018e08                microbit_friendly_name()
 .text._Z14microbit_panici
                0x0000000000018e74      0x158 ym/microbit-dal/source/microbit-dal.a(MicroBitDevice.cpp.o)
                0x0000000000018e74                microbit_panic(int)
 .text._Z20microbit_seed_randomv
                0x0000000000018fcc       0x60 ym/microbit-dal/source/microbit-dal.a(MicroBitDevice.cpp.o)
                0x0000000000018fcc                microbit_seed_random()
 .text._Z14scheduler_tickv
                0x000000000001902c       0x38 ym/microbit-dal/source/microbit-dal.a(MicroBitFiber.cpp.o)
                0x000000000001902c                scheduler_tick()
 .text._Z15scheduler_event13MicroBitEvent
                0x0000000000019064       0xcc ym/microbit-dal/source/microbit-dal.a(MicroBitFiber.cpp.o)
                0x0000000000019064                scheduler_event(MicroBitEvent)
 .text._Z15getFiberContextv
                0x0000000000019130       0x3c ym/microbit-dal/source/microbit-dal.a(MicroBitFiber.cpp.o)
                0x0000000000019130                getFiberContext()
 .text._Z23fiber_scheduler_runningv
                0x000000000001916c       0x10 ym/microbit-dal/source/microbit-dal.a(MicroBitFiber.cpp.o)
                0x000000000001916c                fiber_scheduler_running()
 .text._Z14scheduler_initR10EventModel
                0x000000000001917c       0xa8 ym/microbit-dal/source/microbit-dal.a(MicroBitFiber.cpp.o)
                0x000000000001917c                scheduler_init(EventModel&)
 .text._Z14__create_fibermmmi
                0x0000000000019224       0x50 ym/microbit-dal/source/microbit-dal.a(MicroBitFiber.cpp.o)
                0x0000000000019224                __create_fiber(unsigned long, unsigned long, unsigned long, int)
 .text._Z24scheduler_runqueue_emptyv
                0x0000000000019274       0x10 ym/microbit-dal/source/microbit-dal.a(MicroBitFiber.cpp.o)
                0x0000000000019274                scheduler_runqueue_empty()
 .text._Z24fiber_add_idle_componentP17MicroBitComponent
                0x0000000000019284       0x1c ym/microbit-dal/source/microbit-dal.a(MicroBitFiber.cpp.o)
                0x0000000000019284                fiber_add_idle_component(MicroBitComponent*)
 .text._Z27fiber_remove_idle_componentP17MicroBitComponent
                0x00000000000192a0       0x1c ym/microbit-dal/source/microbit-dal.a(MicroBitFiber.cpp.o)
                0x00000000000192a0                fiber_remove_idle_component(MicroBitComponent*)
 .text._Z4idlev
                0x00000000000192bc       0x30 ym/microbit-dal/source/microbit-dal.a(MicroBitFiber.cpp.o)
                0x00000000000192bc                idle()
 .text._Z8schedulev
                0x00000000000192ec       0xd0 ym/microbit-dal/source/microbit-dal.a(MicroBitFiber.cpp.o)
                0x00000000000192ec                schedule()
 .text._Z11fiber_sleepm
                0x00000000000193bc       0x54 ym/microbit-dal/source/microbit-dal.a(MicroBitFiber.cpp.o)
                0x00000000000193bc                fiber_sleep(unsigned long)
 .text._Z19fiber_wake_on_eventtt
                0x0000000000019410       0x9c ym/microbit-dal/source/microbit-dal.a(MicroBitFiber.cpp.o)
                0x0000000000019410                fiber_wake_on_event(unsigned short, unsigned short)
 .text._Z13release_fiberv
                0x00000000000194ac       0x28 ym/microbit-dal/source/microbit-dal.a(MicroBitFiber.cpp.o)
                0x00000000000194ac                release_fiber()
 .text._Z6invokePFvPvES_
                0x00000000000194d4       0x80 ym/microbit-dal/source/microbit-dal.a(MicroBitFiber.cpp.o)
                0x00000000000194d4                invoke(void (*)(void*), void*)
 .text._ZN12MicroBitFont13getSystemFontEv
                0x0000000000019554       0x10 ym/microbit-dal/source/microbit-dal.a(MicroBitFont.cpp.o)
                0x0000000000019554                MicroBitFont::getSystemFont()
 .text.startup._GLOBAL__sub_I__ZN12MicroBitFont11defaultFontE
                0x0000000000019564       0x18 ym/microbit-dal/source/microbit-dal.a(MicroBitFont.cpp.o)
 .text._Z20microbit_create_heapmm
                0x000000000001957c       0x58 ym/microbit-dal/source/microbit-dal.a(MicroBitHeapAllocator.cpp.o)
                0x000000000001957c                microbit_create_heap(unsigned long, unsigned long)
 .text.malloc   0x00000000000195d4       0x68 ym/microbit-dal/source/microbit-dal.a(MicroBitHeapAllocator.cpp.o)
                0x00000000000195d4                malloc
 .text.free     0x000000000001963c       0x50 ym/microbit-dal/source/microbit-dal.a(MicroBitHeapAllocator.cpp.o)
                0x000000000001963c                free
 .text._Z23system_timer_set_periodi
                0x000000000001968c       0x44 ym/microbit-dal/source/microbit-dal.a(MicroBitSystemTimer.cpp.o)
                0x000000000001968c                system_timer_set_period(int)
 .text._Z17system_timer_initi
                0x00000000000196d0       0x54 ym/microbit-dal/source/microbit-dal.a(MicroBitSystemTimer.cpp.o)
                0x00000000000196d0                system_timer_init(int)
 .text._Z23system_timer_get_periodv
                0x0000000000019724        0xc ym/microbit-dal/source/microbit-dal.a(MicroBitSystemTimer.cpp.o)
                0x0000000000019724                system_timer_get_period()
 .text._Z11update_timev
                0x0000000000019730       0x44 ym/microbit-dal/source/microbit-dal.a(MicroBitSystemTimer.cpp.o)
                0x0000000000019730                update_time()
 .text._Z17system_timer_tickv
                0x0000000000019774       0x24 ym/microbit-dal/source/microbit-dal.a(MicroBitSystemTimer.cpp.o)
                0x0000000000019774                system_timer_tick()
 .text._Z25system_timer_current_timev
                0x0000000000019798       0x1c ym/microbit-dal/source/microbit-dal.a(MicroBitSystemTimer.cpp.o)
                0x0000000000019798                system_timer_current_time()
 .text._Z28system_timer_current_time_usv
                0x00000000000197b4       0x14 ym/microbit-dal/source/microbit-dal.a(MicroBitSystemTimer.cpp.o)
                0x00000000000197b4                system_timer_current_time_us()
 .text._Z26system_timer_add_componentP17MicroBitComponent
                0x00000000000197c8       0x3c ym/microbit-dal/source/microbit-dal.a(MicroBitSystemTimer.cpp.o)
                0x00000000000197c8                system_timer_add_component(MicroBitComponent*)
 .text._Z29system_timer_remove_componentP17MicroBitComponent
                0x0000000000019804       0x1c ym/microbit-dal/source/microbit-dal.a(MicroBitSystemTimer.cpp.o)
                0x0000000000019804                system_timer_remove_component(MicroBitComponent*)
 .text._ZN13ManagedStringC2EPKc
                0x0000000000019820       0x20 ym/microbit-dal/source/microbit-dal.a(ManagedString.cpp.o)
                0x0000000000019820                ManagedString::ManagedString(char const*)
                0x0000000000019820                ManagedString::ManagedString(char const*)
 .text._ZN13ManagedStringC2EPKcs
                0x0000000000019840       0x54 ym/microbit-dal/source/microbit-dal.a(ManagedString.cpp.o)
                0x0000000000019840                ManagedString::ManagedString(char const*, short)
                0x0000000000019840                ManagedString::ManagedString(char const*, short)
 .text._ZN13ManagedStringC2Ev
                0x0000000000019894        0xc ym/microbit-dal/source/microbit-dal.a(ManagedString.cpp.o)
                0x0000000000019894                ManagedString::ManagedString()
                0x0000000000019894                ManagedString::ManagedString()
 .text.startup._GLOBAL__sub_I__ZN13ManagedString9initEmptyEv
                0x00000000000198a0       0x28 ym/microbit-dal/source/microbit-dal.a(ManagedString.cpp.o)
 .text._ZN13MicroBitEvent4fireEv
                0x00000000000198c8       0x28 ym/microbit-dal/source/microbit-dal.a(MicroBitEvent.cpp.o)
                0x00000000000198c8                MicroBitEvent::fire()
 .text._ZN13MicroBitImageC2Ev
                0x00000000000198f0        0xc ym/microbit-dal/source/microbit-dal.a(MicroBitImage.cpp.o)
                0x00000000000198f0                MicroBitImage::MicroBitImage()
                0x00000000000198f0                MicroBitImage::MicroBitImage()
 .text._ZN13MicroBitImageC2EP9ImageData
                0x00000000000198fc       0x20 ym/microbit-dal/source/microbit-dal.a(MicroBitImage.cpp.o)
                0x00000000000198fc                MicroBitImage::MicroBitImage(ImageData*)
                0x00000000000198fc                MicroBitImage::MicroBitImage(ImageData*)
 .text._ZN13MicroBitImage13setPixelValueEssh
                0x000000000001991c       0x2c ym/microbit-dal/source/microbit-dal.a(MicroBitImage.cpp.o)
                0x000000000001991c                MicroBitImage::setPixelValue(short, short, unsigned char)
 .text._ZN13MicroBitImage10printImageEssPKh
                0x0000000000019948       0x60 ym/microbit-dal/source/microbit-dal.a(MicroBitImage.cpp.o)
                0x0000000000019948                MicroBitImage::printImage(short, short, unsigned char const*)
 .text._ZN13MicroBitImage4initEssPKh
                0x00000000000199a8       0x50 ym/microbit-dal/source/microbit-dal.a(MicroBitImage.cpp.o)
                0x00000000000199a8                MicroBitImage::init(short, short, unsigned char const*)
 .text._ZN13MicroBitImageC2EPKc
                0x00000000000199f8       0xa0 ym/microbit-dal/source/microbit-dal.a(MicroBitImage.cpp.o)
                0x00000000000199f8                MicroBitImage::MicroBitImage(char const*)
                0x00000000000199f8                MicroBitImage::MicroBitImage(char const*)
 .text._ZN13MicroBitImage5printEcss
                0x0000000000019a98       0x90 ym/microbit-dal/source/microbit-dal.a(MicroBitImage.cpp.o)
                0x0000000000019a98                MicroBitImage::print(char, short, short)
 .text._ZN13MicroBitImage9shiftLeftEs
                0x0000000000019b28       0x50 ym/microbit-dal/source/microbit-dal.a(MicroBitImage.cpp.o)
                0x0000000000019b28                MicroBitImage::shiftLeft(short)
 .text.startup._GLOBAL__sub_I__ZN13MicroBitImage10EmptyImageE
                0x0000000000019b78       0x28 ym/microbit-dal/source/microbit-dal.a(MicroBitImage.cpp.o)
 .text.startup._GLOBAL__sub_I__ZN12PacketBuffer11EmptyPacketE
                0x0000000000019ba0       0x24 ym/microbit-dal/source/microbit-dal.a(PacketBuffer.cpp.o)
 .text._ZL16isReadOnlyInlineP10RefCounted.isra.0
                0x0000000000019bc4       0x24 ym/microbit-dal/source/microbit-dal.a(RefCounted.cpp.o)
 .text._ZN21MicroBitAccelerometer9configureEv
                0x0000000000019be8        0x8 ym/microbit-dal/source/microbit-dal.a(MicroBitAccelerometer.cpp.o)
                0x0000000000019be8                MicroBitAccelerometer::configure()
 .text._ZN21MicroBitAccelerometer13requestUpdateEv
                0x0000000000019bf0       0x10 ym/microbit-dal/source/microbit-dal.a(MicroBitAccelerometer.cpp.o)
                0x0000000000019bf0                MicroBitAccelerometer::requestUpdate()
 .text._ZN21MicroBitAccelerometerC2ER15CoordinateSpacet
                0x0000000000019c00       0x50 ym/microbit-dal/source/microbit-dal.a(MicroBitAccelerometer.cpp.o)
                0x0000000000019c00                MicroBitAccelerometer::MicroBitAccelerometer(CoordinateSpace&, unsigned short)
                0x0000000000019c00                MicroBitAccelerometer::MicroBitAccelerometer(CoordinateSpace&, unsigned short)
 .text._ZN21MicroBitAccelerometer10autoDetectER11MicroBitI2C
                0x0000000000019c50      0x158 ym/microbit-dal/source/microbit-dal.a(MicroBitAccelerometer.cpp.o)
                0x0000000000019c50                MicroBitAccelerometer::autoDetect(MicroBitI2C&)
 .text._ZN21MicroBitAccelerometer20instantaneousPostureEv
                0x0000000000019da8      0x194 ym/microbit-dal/source/microbit-dal.a(MicroBitAccelerometer.cpp.o)
                0x0000000000019da8                MicroBitAccelerometer::instantaneousPosture()
 .text._ZN14MicroBitButton10systemTickEv
                0x0000000000019f3c       0xdc ym/microbit-dal/source/microbit-dal.a(MicroBitButton.cpp.o)
                0x0000000000019f3c                MicroBitButton::systemTick()
 .text._ZN14MicroBitButtonD2Ev
                0x000000000001a018       0x18 ym/microbit-dal/source/microbit-dal.a(MicroBitButton.cpp.o)
                0x000000000001a018                MicroBitButton::~MicroBitButton()
                0x000000000001a018                MicroBitButton::~MicroBitButton()
 .text._ZN14MicroBitButtonC2E7PinNamet32MicroBitButtonEventConfiguration7PinMode
                0x000000000001a030       0x58 ym/microbit-dal/source/microbit-dal.a(MicroBitButton.cpp.o)
                0x000000000001a030                MicroBitButton::MicroBitButton(PinName, unsigned short, MicroBitButtonEventConfiguration, PinMode)
                0x000000000001a030                MicroBitButton::MicroBitButton(PinName, unsigned short, MicroBitButtonEventConfiguration, PinMode)
 .text._ZN15MicroBitCompass9configureEv
                0x000000000001a088        0x8 ym/microbit-dal/source/microbit-dal.a(MicroBitCompass.cpp.o)
                0x000000000001a088                MicroBitCompass::configure()
 .text._ZN15MicroBitCompass13requestUpdateEv
                0x000000000001a090       0x10 ym/microbit-dal/source/microbit-dal.a(MicroBitCompass.cpp.o)
                0x000000000001a090                MicroBitCompass::requestUpdate()
 .text._ZN15MicroBitCompassC2ER15CoordinateSpacet
                0x000000000001a0a0       0x44 ym/microbit-dal/source/microbit-dal.a(MicroBitCompass.cpp.o)
                0x000000000001a0a0                MicroBitCompass::MicroBitCompass(CoordinateSpace&, unsigned short)
                0x000000000001a0a0                MicroBitCompass::MicroBitCompass(CoordinateSpace&, unsigned short)
 .text._ZN15MicroBitCompass10autoDetectER11MicroBitI2C
                0x000000000001a0e4      0x154 ym/microbit-dal/source/microbit-dal.a(MicroBitCompass.cpp.o)
                0x000000000001a0e4                MicroBitCompass::autoDetect(MicroBitI2C&)
 .text._ZN25MicroBitCompassCalibrator11calibrateUXE13MicroBitEvent
                0x000000000001a238      0x2a0 ym/microbit-dal/source/microbit-dal.a(MicroBitCompassCalibrator.cpp.o)
                0x000000000001a238                MicroBitCompassCalibrator::calibrateUX(MicroBitEvent)
 .text._ZN10EventModel6listenI25MicroBitCompassCalibratorEEittPT_MS2_Fv13MicroBitEventEt
                0x000000000001a4d8       0xa8 ym/microbit-dal/source/microbit-dal.a(MicroBitCompassCalibrator.cpp.o)
                0x000000000001a4d8                int EventModel::listen<MicroBitCompassCalibrator>(unsigned short, unsigned short, MicroBitCompassCalibrator*, void (MicroBitCompassCalibrator::*)(MicroBitEvent), unsigned short)
 .text._ZN25MicroBitCompassCalibratorC2ER15MicroBitCompassR21MicroBitAccelerometerR15MicroBitDisplayR15MicroBitStorage
                0x000000000001a580       0x80 ym/microbit-dal/source/microbit-dal.a(MicroBitCompassCalibrator.cpp.o)
                0x000000000001a580                MicroBitCompassCalibrator::MicroBitCompassCalibrator(MicroBitCompass&, MicroBitAccelerometer&, MicroBitDisplay&, MicroBitStorage&)
                0x000000000001a580                MicroBitCompassCalibrator::MicroBitCompassCalibrator(MicroBitCompass&, MicroBitAccelerometer&, MicroBitDisplay&, MicroBitStorage&)
 .text._ZN15MicroBitDisplay15renderGreyscaleEv
                0x000000000001a600       0xfc ym/microbit-dal/source/microbit-dal.a(MicroBitDisplay.cpp.o)
                0x000000000001a600                MicroBitDisplay::renderGreyscale()
 .text._ZN4mbed6TickerD2Ev
                0x000000000001a6fc       0x1c ym/microbit-dal/source/microbit-dal.a(MicroBitDisplay.cpp.o)
                0x000000000001a6fc                mbed::Ticker::~Ticker()
                0x000000000001a6fc                mbed::Ticker::~Ticker()
 .text._ZN15MicroBitDisplayD2Ev
                0x000000000001a718       0x48 ym/microbit-dal/source/microbit-dal.a(MicroBitDisplay.cpp.o)
                0x000000000001a718                MicroBitDisplay::~MicroBitDisplay()
                0x000000000001a718                MicroBitDisplay::~MicroBitDisplay()
 .text._ZN15MicroBitDisplayC2EtRK9MatrixMap
                0x000000000001a760       0xd8 ym/microbit-dal/source/microbit-dal.a(MicroBitDisplay.cpp.o)
                0x000000000001a760                MicroBitDisplay::MicroBitDisplay(unsigned short, MatrixMap const&)
                0x000000000001a760                MicroBitDisplay::MicroBitDisplay(unsigned short, MatrixMap const&)
 .text._ZN15MicroBitDisplay6renderEv
                0x000000000001a838       0xf4 ym/microbit-dal/source/microbit-dal.a(MicroBitDisplay.cpp.o)
                0x000000000001a838                MicroBitDisplay::render()
 .text._ZN15MicroBitDisplay26sendAnimationCompleteEventEv
                0x000000000001a92c       0x24 ym/microbit-dal/source/microbit-dal.a(MicroBitDisplay.cpp.o)
                0x000000000001a92c                MicroBitDisplay::sendAnimationCompleteEvent()
 .text._ZN15MicroBitDisplay13stopAnimationEv
                0x000000000001a950       0x38 ym/microbit-dal/source/microbit-dal.a(MicroBitDisplay.cpp.o)
                0x000000000001a950                MicroBitDisplay::stopAnimation()
 .text._ZN15MicroBitDisplay18waitForFreeDisplayEv
                0x000000000001a988       0x20 ym/microbit-dal/source/microbit-dal.a(MicroBitDisplay.cpp.o)
                0x000000000001a988                MicroBitDisplay::waitForFreeDisplay()
 .text._ZN15MicroBitDisplay9fiberWaitEv
                0x000000000001a9a8       0x2c ym/microbit-dal/source/microbit-dal.a(MicroBitDisplay.cpp.o)
                0x000000000001a9a8                MicroBitDisplay::fiberWait()
 .text._ZN15MicroBitDisplay14printCharAsyncEci
                0x000000000001a9d4       0x4c ym/microbit-dal/source/microbit-dal.a(MicroBitDisplay.cpp.o)
                0x000000000001a9d4                MicroBitDisplay::printCharAsync(char, int)
 .text._ZN15MicroBitDisplay10printAsyncE13ManagedStringi
                0x000000000001aa20       0x6c ym/microbit-dal/source/microbit-dal.a(MicroBitDisplay.cpp.o)
                0x000000000001aa20                MicroBitDisplay::printAsync(ManagedString, int)
 .text._ZN15MicroBitDisplay10printAsyncE13MicroBitImageiiii
                0x000000000001aa8c       0x54 ym/microbit-dal/source/microbit-dal.a(MicroBitDisplay.cpp.o)
                0x000000000001aa8c                MicroBitDisplay::printAsync(MicroBitImage, int, int, int, int)
 .text._ZN15MicroBitDisplay5printE13ManagedStringi
                0x000000000001aae0       0x68 ym/microbit-dal/source/microbit-dal.a(MicroBitDisplay.cpp.o)
                0x000000000001aae0                MicroBitDisplay::print(ManagedString, int)
 .text._ZN15MicroBitDisplay5printE13MicroBitImageiiii
                0x000000000001ab48       0x64 ym/microbit-dal/source/microbit-dal.a(MicroBitDisplay.cpp.o)
                0x000000000001ab48                MicroBitDisplay::print(MicroBitImage, int, int, int, int)
 .text._ZN15MicroBitDisplay11scrollAsyncE13ManagedStringi
                0x000000000001abac       0x54 ym/microbit-dal/source/microbit-dal.a(MicroBitDisplay.cpp.o)
                0x000000000001abac                MicroBitDisplay::scrollAsync(ManagedString, int)
 .text._ZN15MicroBitDisplay6scrollE13ManagedStringi
                0x000000000001ac00       0x4c ym/microbit-dal/source/microbit-dal.a(MicroBitDisplay.cpp.o)
                0x000000000001ac00                MicroBitDisplay::scroll(ManagedString, int)
 .text._ZN15MicroBitDisplay13setBrightnessEi
                0x000000000001ac4c       0x14 ym/microbit-dal/source/microbit-dal.a(MicroBitDisplay.cpp.o)
                0x000000000001ac4c                MicroBitDisplay::setBrightness(int)
 .text._ZN11MicroBitI2C4readEiPcib
                0x000000000001ac60       0x20 ym/microbit-dal/source/microbit-dal.a(MicroBitI2C.cpp.o)
                0x000000000001ac60                MicroBitI2C::read(int, char*, int, bool)
 .text._ZN11MicroBitI2C5writeEiPKcib
                0x000000000001ac80       0x20 ym/microbit-dal/source/microbit-dal.a(MicroBitI2C.cpp.o)
                0x000000000001ac80                MicroBitI2C::write(int, char const*, int, bool)
 .text._ZN11MicroBitI2C12readRegisterEhhPhi
                0x000000000001aca0       0x4c ym/microbit-dal/source/microbit-dal.a(MicroBitI2C.cpp.o)
                0x000000000001aca0                MicroBitI2C::readRegister(unsigned char, unsigned char, unsigned char*, int)
 .text._ZN18MicroBitMessageBus6removeEP16MicroBitListener
                0x000000000001acec       0x94 ym/microbit-dal/source/microbit-dal.a(MicroBitMessageBus.cpp.o)
                0x000000000001acec                MicroBitMessageBus::remove(MicroBitListener*)
 .text._ZN18MicroBitMessageBus3addEP16MicroBitListener
                0x000000000001ad80       0xd4 ym/microbit-dal/source/microbit-dal.a(MicroBitMessageBus.cpp.o)
                0x000000000001ad80                MicroBitMessageBus::add(MicroBitListener*)
 .text._ZN18MicroBitMessageBusD2Ev
                0x000000000001ae54       0x20 ym/microbit-dal/source/microbit-dal.a(MicroBitMessageBus.cpp.o)
                0x000000000001ae54                MicroBitMessageBus::~MicroBitMessageBus()
                0x000000000001ae54                MicroBitMessageBus::~MicroBitMessageBus()
 .text._ZThn8_N18MicroBitMessageBusD1Ev
                0x000000000001ae74       0x10 ym/microbit-dal/source/microbit-dal.a(MicroBitMessageBus.cpp.o)
                0x000000000001ae74                non-virtual thunk to MicroBitMessageBus::~MicroBitMessageBus()
 .text._ZThn8_N18MicroBitMessageBusD0Ev
                0x000000000001ae84       0x10 ym/microbit-dal/source/microbit-dal.a(MicroBitMessageBus.cpp.o)
                0x000000000001ae84                non-virtual thunk to MicroBitMessageBus::~MicroBitMessageBus()
 .text._ZN18MicroBitMessageBusC2Ev
                0x000000000001ae94       0x3c ym/microbit-dal/source/microbit-dal.a(MicroBitMessageBus.cpp.o)
                0x000000000001ae94                MicroBitMessageBus::MicroBitMessageBus()
                0x000000000001ae94                MicroBitMessageBus::MicroBitMessageBus()
 .text._ZN18MicroBitMessageBus7processER13MicroBitEventb
                0x000000000001aed0       0x84 ym/microbit-dal/source/microbit-dal.a(MicroBitMessageBus.cpp.o)
                0x000000000001aed0                MicroBitMessageBus::process(MicroBitEvent&, bool)
 .text._ZThn8_N18MicroBitMessageBus8idleTickEv
                0x000000000001af54       0x10 ym/microbit-dal/source/microbit-dal.a(MicroBitMessageBus.cpp.o)
                0x000000000001af54                non-virtual thunk to MicroBitMessageBus::idleTick()
 .text._ZN10EventModel6listenI19MicroBitMultiButtonEEittPT_MS2_Fv13MicroBitEventEt
                0x000000000001af64       0xa8 ym/microbit-dal/source/microbit-dal.a(MicroBitMultiButton.cpp.o)
                0x000000000001af64                int EventModel::listen<MicroBitMultiButton>(unsigned short, unsigned short, MicroBitMultiButton*, void (MicroBitMultiButton::*)(MicroBitEvent), unsigned short)
 .text._ZN19MicroBitMultiButtonC2Ettt
                0x000000000001b00c       0x70 ym/microbit-dal/source/microbit-dal.a(MicroBitMultiButton.cpp.o)
                0x000000000001b00c                MicroBitMultiButton::MicroBitMultiButton(unsigned short, unsigned short, unsigned short)
                0x000000000001b00c                MicroBitMultiButton::MicroBitMultiButton(unsigned short, unsigned short, unsigned short)
 .text._ZN11MicroBitPinC2Ei7PinName13PinCapability
                0x000000000001b07c       0x1c ym/microbit-dal/source/microbit-dal.a(MicroBitPin.cpp.o)
                0x000000000001b07c                MicroBitPin::MicroBitPin(int, PinName, PinCapability)
                0x000000000001b07c                MicroBitPin::MicroBitPin(int, PinName, PinCapability)
 .text._ZN11MicroBitPin10disconnectEv
                0x000000000001b098       0x7c ym/microbit-dal/source/microbit-dal.a(MicroBitPin.cpp.o)
                0x000000000001b098                MicroBitPin::disconnect()
 .text._ZN11MicroBitPin15setDigitalValueEi
                0x000000000001b114       0x6c ym/microbit-dal/source/microbit-dal.a(MicroBitPin.cpp.o)
                0x000000000001b114                MicroBitPin::setDigitalValue(int)
 .text._ZN11MicroBitPin15getDigitalValueEv
                0x000000000001b180       0x6c ym/microbit-dal/source/microbit-dal.a(MicroBitPin.cpp.o)
                0x000000000001b180                MicroBitPin::getDigitalValue()
 .text._ZN11MicroBitPin14setAnalogValueEi
                0x000000000001b1ec       0x4c ym/microbit-dal/source/microbit-dal.a(MicroBitPin.cpp.o)
                0x000000000001b1ec                MicroBitPin::setAnalogValue(int)
 .text._ZN11MicroBitPin14getAnalogValueEv
                0x000000000001b238       0x40 ym/microbit-dal/source/microbit-dal.a(MicroBitPin.cpp.o)
                0x000000000001b238                MicroBitPin::getAnalogValue()
 .text._ZN11MicroBitPin9isTouchedEv
                0x000000000001b278       0x48 ym/microbit-dal/source/microbit-dal.a(MicroBitPin.cpp.o)
                0x000000000001b278                MicroBitPin::isTouched()
 .text._ZN11MicroBitPin15setServoPulseUsEi
                0x000000000001b2c0       0x50 ym/microbit-dal/source/microbit-dal.a(MicroBitPin.cpp.o)
                0x000000000001b2c0                MicroBitPin::setServoPulseUs(int)
 .text._ZN11MicroBitPin13setServoValueEiii
                0x000000000001b310       0x5c ym/microbit-dal/source/microbit-dal.a(MicroBitPin.cpp.o)
                0x000000000001b310                MicroBitPin::setServoValue(int, int, int)
 .text._ZN11MicroBitPin7setPullE7PinMode
                0x000000000001b36c       0x2c ym/microbit-dal/source/microbit-dal.a(MicroBitPin.cpp.o)
                0x000000000001b36c                MicroBitPin::setPull(PinMode)
 .text._ZN13MicroBitRadioC2Et
                0x000000000001b398       0x40 ym/microbit-dal/source/microbit-dal.a(MicroBitRadio.cpp.o)
                0x000000000001b398                MicroBitRadio::MicroBitRadio(unsigned short)
                0x000000000001b398                MicroBitRadio::MicroBitRadio(unsigned short)
 .text._ZN13MicroBitRadio7setRSSIEi
                0x000000000001b3d8       0x14 ym/microbit-dal/source/microbit-dal.a(MicroBitRadio.cpp.o)
                0x000000000001b3d8                MicroBitRadio::setRSSI(int)
 .text._ZN13MicroBitRadio7getRSSIEv
                0x000000000001b3ec       0x14 ym/microbit-dal/source/microbit-dal.a(MicroBitRadio.cpp.o)
                0x000000000001b3ec                MicroBitRadio::getRSSI()
 .text._ZN13MicroBitRadio10queueRxBufEv
                0x000000000001b400       0x60 ym/microbit-dal/source/microbit-dal.a(MicroBitRadio.cpp.o)
                0x000000000001b400                MicroBitRadio::queueRxBuf()
 .text.RADIO_IRQHandler
                0x000000000001b460       0x64 ym/microbit-dal/source/microbit-dal.a(MicroBitRadio.cpp.o)
                0x000000000001b460                RADIO_IRQHandler
 .text._ZN13MicroBitRadio4recvEv
                0x000000000001b4c4       0x28 ym/microbit-dal/source/microbit-dal.a(MicroBitRadio.cpp.o)
                0x000000000001b4c4                MicroBitRadio::recv()
 .text._ZN14MicroBitSerial4baudEi
                0x000000000001b4ec       0x14 ym/microbit-dal/source/microbit-dal.a(MicroBitSerial.cpp.o)
                0x000000000001b4ec                MicroBitSerial::baud(int)
 .text._ZN14MicroBitSerialC2E7PinNameS0_hh
                0x000000000001b500       0x50 ym/microbit-dal/source/microbit-dal.a(MicroBitSerial.cpp.o)
                0x000000000001b500                MicroBitSerial::MicroBitSerial(PinName, PinName, unsigned char, unsigned char)
                0x000000000001b500                MicroBitSerial::MicroBitSerial(PinName, PinName, unsigned char, unsigned char)
 .text._ZN15MicroBitStorage4sizeEv
                0x000000000001b550       0x60 ym/microbit-dal/source/microbit-dal.a(MicroBitStorage.cpp.o)
                0x000000000001b550                MicroBitStorage::size()
 .text._ZN15MicroBitStorage3putEPKcPhi
                0x000000000001b5b0      0x1ac ym/microbit-dal/source/microbit-dal.a(MicroBitStorage.cpp.o)
                0x000000000001b5b0                MicroBitStorage::put(char const*, unsigned char*, int)
 .text._ZN19MicroBitThermometerC2ER15MicroBitStoraget
                0x000000000001b75c       0x48 ym/microbit-dal/source/microbit-dal.a(MicroBitThermometer.cpp.o)
                0x000000000001b75c                MicroBitThermometer::MicroBitThermometer(MicroBitStorage&, unsigned short)
                0x000000000001b75c                MicroBitThermometer::MicroBitThermometer(MicroBitStorage&, unsigned short)
 .text._ZN19MicroBitThermometer12updateSampleEv
                0x000000000001b7a4       0x8c ym/microbit-dal/source/microbit-dal.a(MicroBitThermometer.cpp.o)
                0x000000000001b7a4                MicroBitThermometer::updateSample()
 .text._ZL18nvmc_event_handlerm
                0x000000000001b830       0x10 ym/microbit-dal/source/microbit-dal.a(MicroBitFlash.cpp.o)
 .text._ZN13MicroBitFlashC2Ev
                0x000000000001b840       0x24 ym/microbit-dal/source/microbit-dal.a(MicroBitFlash.cpp.o)
                0x000000000001b840                MicroBitFlash::MicroBitFlash()
                0x000000000001b840                MicroBitFlash::MicroBitFlash()
 .text._ZN13MicroBitFlash10erase_pageEPm
                0x000000000001b864       0x6c ym/microbit-dal/source/microbit-dal.a(MicroBitFlash.cpp.o)
                0x000000000001b864                MicroBitFlash::erase_page(unsigned long*)
 .text._ZN13MicroBitFlash10flash_burnEPmS0_i
                0x000000000001b8d0       0x7c ym/microbit-dal/source/microbit-dal.a(MicroBitFlash.cpp.o)
                0x000000000001b8d0                MicroBitFlash::flash_burn(unsigned long*, unsigned long*, int)
 .text._ZThn68_N8FXOS87008idleTickEv
                0x000000000001b94c       0x10 ym/microbit-dal/source/microbit-dal.a(FXOS8700.cpp.o)
                0x000000000001b94c                non-virtual thunk to FXOS8700::idleTick()
 .text._ZN8FXOS87009configureEv
                0x000000000001b95c       0xe4 ym/microbit-dal/source/microbit-dal.a(FXOS8700.cpp.o)
                0x000000000001b95c                FXOS8700::configure()
 .text._ZThn68_N8FXOS87009configureEv
                0x000000000001ba40       0x10 ym/microbit-dal/source/microbit-dal.a(FXOS8700.cpp.o)
                0x000000000001ba40                non-virtual thunk to FXOS8700::configure()
 .text._ZN8FXOS8700D2Ev
                0x000000000001ba50       0x24 ym/microbit-dal/source/microbit-dal.a(FXOS8700.cpp.o)
                0x000000000001ba50                FXOS8700::~FXOS8700()
                0x000000000001ba50                FXOS8700::~FXOS8700()
 .text._ZThn68_N8FXOS8700D1Ev
                0x000000000001ba74       0x10 ym/microbit-dal/source/microbit-dal.a(FXOS8700.cpp.o)
                0x000000000001ba74                non-virtual thunk to FXOS8700::~FXOS8700()
 .text._ZThn68_N8FXOS8700D0Ev
                0x000000000001ba84       0x10 ym/microbit-dal/source/microbit-dal.a(FXOS8700.cpp.o)
                0x000000000001ba84                non-virtual thunk to FXOS8700::~FXOS8700()
 .text._ZN8FXOS870013requestUpdateEv
                0x000000000001ba94       0xcc ym/microbit-dal/source/microbit-dal.a(FXOS8700.cpp.o)
                0x000000000001ba94                FXOS8700::requestUpdate()
 .text._ZThn68_N8FXOS870013requestUpdateEv
                0x000000000001bb60       0x10 ym/microbit-dal/source/microbit-dal.a(FXOS8700.cpp.o)
                0x000000000001bb60                non-virtual thunk to FXOS8700::requestUpdate()
 .text._ZN8FXOS8700C2ER11MicroBitI2C11MicroBitPinR15CoordinateSpacettt
                0x000000000001bb70       0x80 ym/microbit-dal/source/microbit-dal.a(FXOS8700.cpp.o)
                0x000000000001bb70                FXOS8700::FXOS8700(MicroBitI2C&, MicroBitPin, CoordinateSpace&, unsigned short, unsigned short, unsigned short)
                0x000000000001bb70                FXOS8700::FXOS8700(MicroBitI2C&, MicroBitPin, CoordinateSpace&, unsigned short, unsigned short, unsigned short)
 .text._ZN7MMA86539configureEv
                0x000000000001bbf0       0xb0 ym/microbit-dal/source/microbit-dal.a(MMA8653.cpp.o)
                0x000000000001bbf0                MMA8653::configure()
 .text._ZN7MMA8653D2Ev
                0x000000000001bca0       0x18 ym/microbit-dal/source/microbit-dal.a(MMA8653.cpp.o)
                0x000000000001bca0                MMA8653::~MMA8653()
                0x000000000001bca0                MMA8653::~MMA8653()
 .text._ZN7MMA865313requestUpdateEv
                0x000000000001bcb8       0x78 ym/microbit-dal/source/microbit-dal.a(MMA8653.cpp.o)
                0x000000000001bcb8                MMA8653::requestUpdate()
 .text._ZN7MMA8653C2ER11MicroBitI2C11MicroBitPinR15CoordinateSpacett
                0x000000000001bd30       0x5c ym/microbit-dal/source/microbit-dal.a(MMA8653.cpp.o)
                0x000000000001bd30                MMA8653::MMA8653(MicroBitI2C&, MicroBitPin, CoordinateSpace&, unsigned short, unsigned short)
                0x000000000001bd30                MMA8653::MMA8653(MicroBitI2C&, MicroBitPin, CoordinateSpace&, unsigned short, unsigned short)
 .text._ZN7MAG3110D2Ev
                0x000000000001bd8c       0x18 ym/microbit-dal/source/microbit-dal.a(MAG3110.cpp.o)
                0x000000000001bd8c                MAG3110::~MAG3110()
                0x000000000001bd8c                MAG3110::~MAG3110()
 .text._ZN7MAG31109configureEv
                0x000000000001bda4       0xa0 ym/microbit-dal/source/microbit-dal.a(MAG3110.cpp.o)
                0x000000000001bda4                MAG3110::configure()
 .text._ZN7MAG311013requestUpdateEv
                0x000000000001be44       0x7c ym/microbit-dal/source/microbit-dal.a(MAG3110.cpp.o)
                0x000000000001be44                MAG3110::requestUpdate()
 .text._ZN7MAG3110C2ER11MicroBitI2C11MicroBitPinR15CoordinateSpacett
                0x000000000001bec0       0x54 ym/microbit-dal/source/microbit-dal.a(MAG3110.cpp.o)
                0x000000000001bec0                MAG3110::MAG3110(MicroBitI2C&, MicroBitPin, CoordinateSpace&, unsigned short, unsigned short)
                0x000000000001bec0                MAG3110::MAG3110(MicroBitI2C&, MicroBitPin, CoordinateSpace&, unsigned short, unsigned short)
 .text._ZN19LSM303Accelerometer9configureEv
                0x000000000001bf14       0x94 ym/microbit-dal/source/microbit-dal.a(LSM303Accelerometer.cpp.o)
                0x000000000001bf14                LSM303Accelerometer::configure()
 .text._ZN19LSM303AccelerometerD2Ev
                0x000000000001bfa8       0x18 ym/microbit-dal/source/microbit-dal.a(LSM303Accelerometer.cpp.o)
                0x000000000001bfa8                LSM303Accelerometer::~LSM303Accelerometer()
                0x000000000001bfa8                LSM303Accelerometer::~LSM303Accelerometer()
 .text._ZN19LSM303Accelerometer13requestUpdateEv
                0x000000000001bfc0       0x94 ym/microbit-dal/source/microbit-dal.a(LSM303Accelerometer.cpp.o)
                0x000000000001bfc0                LSM303Accelerometer::requestUpdate()
 .text._ZN19LSM303AccelerometerC2ER11MicroBitI2C11MicroBitPinR15CoordinateSpacett
                0x000000000001c054       0x5c ym/microbit-dal/source/microbit-dal.a(LSM303Accelerometer.cpp.o)
                0x000000000001c054                LSM303Accelerometer::LSM303Accelerometer(MicroBitI2C&, MicroBitPin, CoordinateSpace&, unsigned short, unsigned short)
                0x000000000001c054                LSM303Accelerometer::LSM303Accelerometer(MicroBitI2C&, MicroBitPin, CoordinateSpace&, unsigned short, unsigned short)
 .text._ZN18LSM303Magnetometer9configureEv
                0x000000000001c0b0       0x60 ym/microbit-dal/source/microbit-dal.a(LSM303Magnetometer.cpp.o)
                0x000000000001c0b0                LSM303Magnetometer::configure()
 .text._ZN18LSM303MagnetometerD2Ev
                0x000000000001c110       0x18 ym/microbit-dal/source/microbit-dal.a(LSM303Magnetometer.cpp.o)
                0x000000000001c110                LSM303Magnetometer::~LSM303Magnetometer()
                0x000000000001c110                LSM303Magnetometer::~LSM303Magnetometer()
 .text._ZN18LSM303Magnetometer13requestUpdateEv
                0x000000000001c128       0x70 ym/microbit-dal/source/microbit-dal.a(LSM303Magnetometer.cpp.o)
                0x000000000001c128                LSM303Magnetometer::requestUpdate()
 .text._ZN18LSM303MagnetometerC2ER11MicroBitI2C11MicroBitPinR15CoordinateSpacett
                0x000000000001c198       0x54 ym/microbit-dal/source/microbit-dal.a(LSM303Magnetometer.cpp.o)
                0x000000000001c198                LSM303Magnetometer::LSM303Magnetometer(MicroBitI2C&, MicroBitPin, CoordinateSpace&, unsigned short, unsigned short)
                0x000000000001c198                LSM303Magnetometer::LSM303Magnetometer(MicroBitI2C&, MicroBitPin, CoordinateSpace&, unsigned short, unsigned short)
 .text._ZN18MicroBitBLEManagerD2Ev
                0x000000000001c1ec       0x20 ym/microbit-dal/source/microbit-dal.a(MicroBitBLEManager.cpp.o)
                0x000000000001c1ec                MicroBitBLEManager::~MicroBitBLEManager()
                0x000000000001c1ec                MicroBitBLEManager::~MicroBitBLEManager()
 .text._ZL25bleSysAttrMissingCallbackPK32GattSysAttrMissingCallbackParams
                0x000000000001c20c       0xc8 ym/microbit-dal/source/microbit-dal.a(MicroBitBLEManager.cpp.o)
 .text._ZN18MicroBitBLEManager8idleTickEv
                0x000000000001c2d4      0x114 ym/microbit-dal/source/microbit-dal.a(MicroBitBLEManager.cpp.o)
                0x000000000001c2d4                MicroBitBLEManager::idleTick()
 .text._ZN18GapAdvertisingData8addFieldENS_10DataType_tEPKhhPh
                0x000000000001c3e8       0xa8 ym/microbit-dal/source/microbit-dal.a(MicroBitBLEManager.cpp.o)
                0x000000000001c3e8                GapAdvertisingData::addField(GapAdvertisingData::DataType_t, unsigned char const*, unsigned char, unsigned char*)
 .text._ZN3BLE22setAdvertisingIntervalEt
                0x000000000001c490       0x3c ym/microbit-dal/source/microbit-dal.a(MicroBitBLEManager.cpp.o)
                0x000000000001c490                BLE::setAdvertisingInterval(unsigned short)
 .text._ZN24DeviceInformationServiceC2ER3BLEPKcS3_S3_S3_S3_S3_
                0x000000000001c4cc      0x1dc ym/microbit-dal/source/microbit-dal.a(MicroBitBLEManager.cpp.o)
                0x000000000001c4cc                DeviceInformationService::DeviceInformationService(BLE&, char const*, char const*, char const*, char const*, char const*, char const*)
                0x000000000001c4cc                DeviceInformationService::DeviceInformationService(BLE&, char const*, char const*, char const*, char const*, char const*, char const*)
 .text._ZN18MicroBitBLEManagerC2ER15MicroBitStorage
                0x000000000001c6a8       0x3c ym/microbit-dal/source/microbit-dal.a(MicroBitBLEManager.cpp.o)
                0x000000000001c6a8                MicroBitBLEManager::MicroBitBLEManager(MicroBitStorage&)
                0x000000000001c6a8                MicroBitBLEManager::MicroBitBLEManager(MicroBitStorage&)
 .text._ZL24bleDisconnectionCallbackPKN3Gap29DisconnectionCallbackParams_tE
                0x000000000001c6e4       0x3c ym/microbit-dal/source/microbit-dal.a(MicroBitBLEManager.cpp.o)
 .text._ZN18MicroBitBLEManager16setTransmitPowerEi
                0x000000000001c720       0x3c ym/microbit-dal/source/microbit-dal.a(MicroBitBLEManager.cpp.o)
                0x000000000001c720                MicroBitBLEManager::setTransmitPower(int)
 .text._ZN18MicroBitBLEManager4initE13ManagedStringS0_R10EventModelb
                0x000000000001c75c      0x2ac ym/microbit-dal/source/microbit-dal.a(MicroBitBLEManager.cpp.o)
                0x000000000001c75c                MicroBitBLEManager::init(ManagedString, ManagedString, EventModel&, bool)
 .text._ZL22passkeyDisplayCallbacktPKh
                0x000000000001ca08       0x34 ym/microbit-dal/source/microbit-dal.a(MicroBitBLEManager.cpp.o)
 .text._ZL30securitySetupCompletedCallbacktN15SecurityManager26SecurityCompletionStatus_tE
                0x000000000001ca3c       0x40 ym/microbit-dal/source/microbit-dal.a(MicroBitBLEManager.cpp.o)
 .text          0x000000000001ca7c      0x124 ym/microbit-dal/source/microbit-dal.a(CortexContextSwitch.s.obj)
                0x000000000001ca7c                swap_context
                0x000000000001cafe                save_context
                0x000000000001cb42                save_register_context
                0x000000000001cb72                restore_register_context
 .text._Z14string_reversePc
                0x000000000001cba0       0x2c ym/microbit-dal/source/microbit-dal.a(MicroBitCompat.cpp.o)
                0x000000000001cba0                string_reverse(char*)
 .text._Z4itoaiPc
                0x000000000001cbcc       0x6c ym/microbit-dal/source/microbit-dal.a(MicroBitCompat.cpp.o)
                0x000000000001cbcc                itoa(int, char*)
 .text._ZNK13KeyValueTable4findEm
                0x000000000001cc38       0x28 ym/microbit-dal/source/microbit-dal.a(MicroBitUtil.cpp.o)
                0x000000000001cc38                KeyValueTable::find(unsigned long) const
 .text._ZN10DynamicPwm5writeEf
                0x000000000001cc60       0x28 ym/microbit-dal/source/microbit-dal.a(DynamicPwm.cpp.o)
                0x000000000001cc60                DynamicPwm::write(float)
 .text._ZN10DynamicPwm11getPeriodUsEv
                0x000000000001cc88        0xc ym/microbit-dal/source/microbit-dal.a(DynamicPwm.cpp.o)
                0x000000000001cc88                DynamicPwm::getPeriodUs()
 .text._ZN10DynamicPwm11setPeriodUsEm
                0x000000000001cc94       0x20 ym/microbit-dal/source/microbit-dal.a(DynamicPwm.cpp.o)
                0x000000000001cc94                DynamicPwm::setPeriodUs(unsigned long)
 .text._ZN3BLE8InstanceEj
                0x000000000001ccb4       0x5c ym/ble/source/ble.a(BLE.cpp.o)
                0x000000000001ccb4                BLE::Instance(unsigned int)
 .text._ZN3BLEC2Ej
                0x000000000001cd10       0x2c ym/ble/source/ble.a(BLE.cpp.o)
                0x000000000001cd10                BLE::BLE(unsigned int)
                0x000000000001cd10                BLE::BLE(unsigned int)
 .text._ZNK3BLE3gapEv
                0x000000000001cd3c       0x20 ym/ble/source/ble.a(BLE.cpp.o)
                0x000000000001cd3c                BLE::gap() const
 .text._ZNK3BLE10gattServerEv
                0x000000000001cd5c       0x20 ym/ble/source/ble.a(BLE.cpp.o)
                0x000000000001cd5c                BLE::gattServer() const
 .text._ZNK3BLE15securityManagerEv
                0x000000000001cd7c       0x20 ym/ble/source/ble.a(BLE.cpp.o)
                0x000000000001cd7c                BLE::securityManager() const
 .text._ZL16sys_evt_dispatchm
                0x000000000001cd9c       0x1c ym/ble-nrf51822/source/ble-nrf51822.a(btle.cpp.o)
 .text._ZL12btle_handlerP9ble_evt_t
                0x000000000001cdb8      0x18c ym/ble-nrf51822/source/ble-nrf51822.a(btle.cpp.o)
 .text.btle_set_gatt_table_size
                0x000000000001cf44       0x14 ym/ble-nrf51822/source/ble-nrf51822.a(btle.cpp.o)
                0x000000000001cf44                btle_set_gatt_table_size
 .text.btle_set_user_evt_handler
                0x000000000001cf58        0xc ym/ble-nrf51822/source/ble-nrf51822.a(btle.cpp.o)
                0x000000000001cf58                btle_set_user_evt_handler
 .text.btle_init
                0x000000000001cf64       0xa4 ym/ble-nrf51822/source/ble-nrf51822.a(btle.cpp.o)
                0x000000000001cf64                btle_init
 .text.app_error_handler
                0x000000000001d008       0x20 ym/ble-nrf51822/source/ble-nrf51822.a(btle.cpp.o)
                0x000000000001d008                app_error_handler
 .text._ZN8nRF5xGap25getPermittedTxPowerValuesEPPKaPj
                0x000000000001d028       0x10 ym/ble-nrf51822/source/ble-nrf51822.a(nRF5xGap.cpp.o)
                0x000000000001d028                nRF5xGap::getPermittedTxPowerValues(signed char const**, unsigned int*)
 .text._Z31radioNotificationStaticCallbackb
                0x000000000001d038       0x3c ym/ble-nrf51822/source/ble-nrf51822.a(nRF5xGap.cpp.o)
                0x000000000001d038                radioNotificationStaticCallback(bool)
 .text._ZN8nRF5xGap21initRadioNotificationEv
                0x000000000001d074       0x20 ym/ble-nrf51822/source/ble-nrf51822.a(nRF5xGap.cpp.o)
                0x000000000001d074                nRF5xGap::initRadioNotification()
 .text._ZN3Gap5resetEv
                0x000000000001d094       0xe0 ym/ble-nrf51822/source/ble-nrf51822.a(nRF5xGap.cpp.o)
                0x000000000001d094                Gap::reset()
 .text._ZN8nRF5xGap22generateStackWhitelistER19ble_gap_whitelist_t
                0x000000000001d174       0xe0 ym/ble-nrf51822/source/ble-nrf51822.a(nRF5xGap.cpp.o)
                0x000000000001d174                nRF5xGap::generateStackWhitelist(ble_gap_whitelist_t&)
 .text._ZN8nRF5xGap16startAdvertisingERK20GapAdvertisingParams
                0x000000000001d254       0xac ym/ble-nrf51822/source/ble-nrf51822.a(nRF5xGap.cpp.o)
                0x000000000001d254                nRF5xGap::startAdvertising(GapAdvertisingParams const&)
 .text._ZN8nRF5xGap7connectEPKhN11BLEProtocol11AddressType4TypeEPKN3Gap18ConnectionParams_tEPK17GapScanningParams
                0x000000000001d300       0xec ym/ble-nrf51822/source/ble-nrf51822.a(nRF5xGap.cpp.o)
                0x000000000001d300                nRF5xGap::connect(unsigned char const*, BLEProtocol::AddressType::Type, Gap::ConnectionParams_t const*, GapScanningParams const*)
 .text._ZN15nRF5xGattServer4readEtPhPt
                0x000000000001d3ec       0x18 ym/ble-nrf51822/source/ble-nrf51822.a(nRF5xGattServer.cpp.o)
                0x000000000001d3ec                nRF5xGattServer::read(unsigned short, unsigned char*, unsigned short*)
 .text._ZN15nRF5xGattServer5writeEtPKhtb
                0x000000000001d404       0x1c ym/ble-nrf51822/source/ble-nrf51822.a(nRF5xGattServer.cpp.o)
                0x000000000001d404                nRF5xGattServer::write(unsigned short, unsigned char const*, unsigned short, bool)
 .text._ZN15nRF5xGattServer5writeEttPKhtb
                0x000000000001d420       0xf0 ym/ble-nrf51822/source/ble-nrf51822.a(nRF5xGattServer.cpp.o)
                0x000000000001d420                nRF5xGattServer::write(unsigned short, unsigned short, unsigned char const*, unsigned short, bool)
 .text._ZN15nRF5xGattServer10addServiceER11GattService
                0x000000000001d510      0x1dc ym/ble-nrf51822/source/ble-nrf51822.a(nRF5xGattServer.cpp.o)
                0x000000000001d510                nRF5xGattServer::addService(GattService&)
 .text._ZN26FunctionPointerWithContextItEC2EPFvtE
                0x000000000001d6ec       0x20 ym/ble-nrf51822/source/ble-nrf51822.a(nRF5xGattServer.cpp.o)
                0x000000000001d6ec                FunctionPointerWithContext<unsigned short>::FunctionPointerWithContext(void (*)(unsigned short))
                0x000000000001d6ec                FunctionPointerWithContext<unsigned short>::FunctionPointerWithContext(void (*)(unsigned short))
 .text._ZN15nRF5xGattServer5resetEv
                0x000000000001d70c       0x50 ym/ble-nrf51822/source/ble-nrf51822.a(nRF5xGattServer.cpp.o)
                0x000000000001d70c                nRF5xGattServer::reset()
 .text._ZNK3Gap25getMaxAdvertisingIntervalEv
                0x000000000001d75c        0x8 ym/ble-nrf51822/source/ble-nrf51822.a(nRF5xn.cpp.o)
                0x000000000001d75c                Gap::getMaxAdvertisingInterval() const
 .text._ZN10GattClient16discoverServicesEt26FunctionPointerWithContextIPK17DiscoveredServiceERK4UUID
                0x000000000001d764       0x60 ym/ble-nrf51822/source/ble-nrf51822.a(nRF5xn.cpp.o)
                0x000000000001d764                GattClient::discoverServices(unsigned short, FunctionPointerWithContext<DiscoveredService const*>, UUID const&)
 .text._ZNK6nRF5xn18getSecurityManagerEv
                0x000000000001d7c4       0x34 ym/ble-nrf51822/source/ble-nrf51822.a(nRF5xn.cpp.o)
                0x000000000001d7c4                nRF5xn::getSecurityManager() const
 .text._ZN6nRF5xn13getGattClientEv
                0x000000000001d7f8       0x48 ym/ble-nrf51822/source/ble-nrf51822.a(nRF5xn.cpp.o)
                0x000000000001d7f8                nRF5xn::getGattClient()
 .text._ZN6nRF5xn10getVersionEv
                0x000000000001d840       0x74 ym/ble-nrf51822/source/ble-nrf51822.a(nRF5xn.cpp.o)
                0x000000000001d840                nRF5xn::getVersion()
 .text._ZN38CallChainOfFunctionPointersWithContextIPK23GattWriteCallbackParamsED2Ev
                0x000000000001d8b4       0x14 ym/ble-nrf51822/source/ble-nrf51822.a(nRF5xn.cpp.o)
                0x000000000001d8b4                CallChainOfFunctionPointersWithContext<GattWriteCallbackParams const*>::~CallChainOfFunctionPointersWithContext()
                0x000000000001d8b4                CallChainOfFunctionPointersWithContext<GattWriteCallbackParams const*>::~CallChainOfFunctionPointersWithContext()
 .text._ZN38CallChainOfFunctionPointersWithContextIPK22GattReadCallbackParamsED2Ev
                0x000000000001d8c8       0x14 ym/ble-nrf51822/source/ble-nrf51822.a(nRF5xn.cpp.o)
                0x000000000001d8c8                CallChainOfFunctionPointersWithContext<GattReadCallbackParams const*>::~CallChainOfFunctionPointersWithContext()
                0x000000000001d8c8                CallChainOfFunctionPointersWithContext<GattReadCallbackParams const*>::~CallChainOfFunctionPointersWithContext()
 .text._ZN6nRF5xn18getSecurityManagerEv
                0x000000000001d8dc       0x34 ym/ble-nrf51822/source/ble-nrf51822.a(nRF5xn.cpp.o)
                0x000000000001d8dc                nRF5xn::getSecurityManager()
 .text._ZN38CallChainOfFunctionPointersWithContextIPK10GattClientED2Ev
                0x000000000001d910       0x20 ym/ble-nrf51822/source/ble-nrf51822.a(nRF5xn.cpp.o)
                0x000000000001d910                CallChainOfFunctionPointersWithContext<GattClient const*>::~CallChainOfFunctionPointersWithContext()
                0x000000000001d910                CallChainOfFunctionPointersWithContext<GattClient const*>::~CallChainOfFunctionPointersWithContext()
 .text._ZN38CallChainOfFunctionPointersWithContextIPK10GattServerED2Ev
                0x000000000001d930       0x20 ym/ble-nrf51822/source/ble-nrf51822.a(nRF5xn.cpp.o)
                0x000000000001d930                CallChainOfFunctionPointersWithContext<GattServer const*>::~CallChainOfFunctionPointersWithContext()
                0x000000000001d930                CallChainOfFunctionPointersWithContext<GattServer const*>::~CallChainOfFunctionPointersWithContext()
 .text._ZN38CallChainOfFunctionPointersWithContextIPK21GattHVXCallbackParamsED2Ev
                0x000000000001d950       0x20 ym/ble-nrf51822/source/ble-nrf51822.a(nRF5xn.cpp.o)
                0x000000000001d950                CallChainOfFunctionPointersWithContext<GattHVXCallbackParams const*>::~CallChainOfFunctionPointersWithContext()
                0x000000000001d950                CallChainOfFunctionPointersWithContext<GattHVXCallbackParams const*>::~CallChainOfFunctionPointersWithContext()
 .text._ZN38CallChainOfFunctionPointersWithContextIN3Gap15TimeoutSource_tEED2Ev
                0x000000000001d970       0x20 ym/ble-nrf51822/source/ble-nrf51822.a(nRF5xn.cpp.o)
                0x000000000001d970                CallChainOfFunctionPointersWithContext<Gap::TimeoutSource_t>::~CallChainOfFunctionPointersWithContext()
                0x000000000001d970                CallChainOfFunctionPointersWithContext<Gap::TimeoutSource_t>::~CallChainOfFunctionPointersWithContext()
 .text._ZN38CallChainOfFunctionPointersWithContextIPKN3Gap26ConnectionCallbackParams_tEED2Ev
                0x000000000001d990       0x20 ym/ble-nrf51822/source/ble-nrf51822.a(nRF5xn.cpp.o)
                0x000000000001d990                CallChainOfFunctionPointersWithContext<Gap::ConnectionCallbackParams_t const*>::~CallChainOfFunctionPointersWithContext()
                0x000000000001d990                CallChainOfFunctionPointersWithContext<Gap::ConnectionCallbackParams_t const*>::~CallChainOfFunctionPointersWithContext()
 .text._ZN38CallChainOfFunctionPointersWithContextIPKN3Gap29DisconnectionCallbackParams_tEED2Ev
                0x000000000001d9b0       0x20 ym/ble-nrf51822/source/ble-nrf51822.a(nRF5xn.cpp.o)
                0x000000000001d9b0                CallChainOfFunctionPointersWithContext<Gap::DisconnectionCallbackParams_t const*>::~CallChainOfFunctionPointersWithContext()
                0x000000000001d9b0                CallChainOfFunctionPointersWithContext<Gap::DisconnectionCallbackParams_t const*>::~CallChainOfFunctionPointersWithContext()
 .text._ZN38CallChainOfFunctionPointersWithContextIPK3GapED2Ev
                0x000000000001d9d0       0x20 ym/ble-nrf51822/source/ble-nrf51822.a(nRF5xn.cpp.o)
                0x000000000001d9d0                CallChainOfFunctionPointersWithContext<Gap const*>::~CallChainOfFunctionPointersWithContext()
                0x000000000001d9d0                CallChainOfFunctionPointersWithContext<Gap const*>::~CallChainOfFunctionPointersWithContext()
 .text._ZN38CallChainOfFunctionPointersWithContextIPK15SecurityManagerED2Ev
                0x000000000001d9f0       0x20 ym/ble-nrf51822/source/ble-nrf51822.a(nRF5xn.cpp.o)
                0x000000000001d9f0                CallChainOfFunctionPointersWithContext<SecurityManager const*>::~CallChainOfFunctionPointersWithContext()
                0x000000000001d9f0                CallChainOfFunctionPointersWithContext<SecurityManager const*>::~CallChainOfFunctionPointersWithContext()
 .text._ZN38CallChainOfFunctionPointersWithContextIjED2Ev
                0x000000000001da10       0x20 ym/ble-nrf51822/source/ble-nrf51822.a(nRF5xn.cpp.o)
                0x000000000001da10                CallChainOfFunctionPointersWithContext<unsigned int>::~CallChainOfFunctionPointersWithContext()
                0x000000000001da10                CallChainOfFunctionPointersWithContext<unsigned int>::~CallChainOfFunctionPointersWithContext()
 .text._ZN38CallChainOfFunctionPointersWithContextIPK32GattSysAttrMissingCallbackParamsED2Ev
                0x000000000001da30       0x20 ym/ble-nrf51822/source/ble-nrf51822.a(nRF5xn.cpp.o)
                0x000000000001da30                CallChainOfFunctionPointersWithContext<GattSysAttrMissingCallbackParams const*>::~CallChainOfFunctionPointersWithContext()
                0x000000000001da30                CallChainOfFunctionPointersWithContext<GattSysAttrMissingCallbackParams const*>::~CallChainOfFunctionPointersWithContext()
 .text._ZN6nRF5xnD2Ev
                0x000000000001da50       0x54 ym/ble-nrf51822/source/ble-nrf51822.a(nRF5xn.cpp.o)
                0x000000000001da50                nRF5xn::~nRF5xn()
                0x000000000001da50                nRF5xn::~nRF5xn()
 .text._ZN6nRF5xnC2Ev
                0x000000000001daa4      0x138 ym/ble-nrf51822/source/ble-nrf51822.a(nRF5xn.cpp.o)
                0x000000000001daa4                nRF5xn::nRF5xn()
                0x000000000001daa4                nRF5xn::nRF5xn()
 .text._ZN6nRF5xn8InstanceEj
                0x000000000001dbdc       0x24 ym/ble-nrf51822/source/ble-nrf51822.a(nRF5xn.cpp.o)
                0x000000000001dbdc                nRF5xn::Instance(unsigned int)
 .text._ZN15nRF5xGattServerC2Ev
                0x000000000001dc00       0xbc ym/ble-nrf51822/source/ble-nrf51822.a(nRF5xn.cpp.o)
                0x000000000001dc00                nRF5xGattServer::nRF5xGattServer()
                0x000000000001dc00                nRF5xGattServer::nRF5xGattServer()
 .text._Z13btle_gap_initv
                0x000000000001dcbc       0x54 ym/ble-nrf51822/source/ble-nrf51822.a(btle_gap.cpp.o)
                0x000000000001dcbc                btle_gap_init()
 .text.custom_convert_to_nordic_uuid
                0x000000000001dd10       0xa0 ym/ble-nrf51822/source/ble-nrf51822.a(custom_helper.cpp.o)
                0x000000000001dd10                custom_convert_to_nordic_uuid
 .text.custom_add_in_descriptor
                0x000000000001ddb0       0x64 ym/ble-nrf51822/source/ble-nrf51822.a(custom_helper.cpp.o)
                0x000000000001ddb0                custom_add_in_descriptor
 .text._ZL10dm_handlerPK13device_handlePK10dm_event_tm
                0x000000000001de14       0xa4 ym/ble-nrf51822/source/ble-nrf51822.a(btle_security.cpp.o)
 .text._Z27btle_hasInitializedSecurityv
                0x000000000001deb8        0xc ym/ble-nrf51822/source/ble-nrf51822.a(btle_security.cpp.o)
                0x000000000001deb8                btle_hasInitializedSecurity()
 .text._Z23btle_initializeSecuritybbN15SecurityManager24SecurityIOCapabilities_tEPKh
                0x000000000001dec4       0xd8 ym/ble-nrf51822/source/ble-nrf51822.a(btle_security.cpp.o)
                0x000000000001dec4                btle_initializeSecurity(bool, bool, SecurityManager::SecurityIOCapabilities_t, unsigned char const*)
 .text._Z25btle_purgeAllBondingStatev
                0x000000000001df9c       0x24 ym/ble-nrf51822/source/ble-nrf51822.a(btle_security.cpp.o)
                0x000000000001df9c                btle_purgeAllBondingState()
 .text._Z20btle_getLinkSecuritytPN15SecurityManager20LinkSecurityStatus_tE
                0x000000000001dfc0       0x48 ym/ble-nrf51822/source/ble-nrf51822.a(btle_security.cpp.o)
                0x000000000001dfc0                btle_getLinkSecurity(unsigned short, SecurityManager::LinkSecurityStatus_t*)
 .text._Z20btle_setLinkSecuritytN15SecurityManager14SecurityMode_tE
                0x000000000001e008       0x4c ym/ble-nrf51822/source/ble-nrf51822.a(btle_security.cpp.o)
                0x000000000001e008                btle_setLinkSecurity(unsigned short, SecurityManager::SecurityMode_t)
 .text._Z33btle_createWhitelistFromBondTableP19ble_gap_whitelist_t
                0x000000000001e054       0x2c ym/ble-nrf51822/source/ble-nrf51822.a(btle_security.cpp.o)
                0x000000000001e054                btle_createWhitelistFromBondTable(ble_gap_whitelist_t*)
 .text._ZN17GapScanningParamsC2Etttb
                0x000000000001e080       0x60 ym/ble/source/ble.a(GapScanningParams.cpp.o)
                0x000000000001e080                GapScanningParams::GapScanningParams(unsigned short, unsigned short, unsigned short, bool)
                0x000000000001e080                GapScanningParams::GapScanningParams(unsigned short, unsigned short, unsigned short, bool)
 .text.gatts_context_store
                0x000000000001e0e0       0xb4 ym/nrf51-sdk/source/nrf51-sdk.a(device_manager_peripheral.c.o)
 .text.device_context_store
                0x000000000001e194       0xb0 ym/nrf51-sdk/source/nrf51-sdk.a(device_manager_peripheral.c.o)
 .text.gatts_context_apply
                0x000000000001e244       0xc0 ym/nrf51-sdk/source/nrf51-sdk.a(device_manager_peripheral.c.o)
 .text.gatts_context_load
                0x000000000001e304       0x34 ym/nrf51-sdk/source/nrf51-sdk.a(device_manager_peripheral.c.o)
 .text.peer_instance_init
                0x000000000001e338       0x48 ym/nrf51-sdk/source/nrf51-sdk.a(device_manager_peripheral.c.o)
 .text.device_instance_free
                0x000000000001e380       0x2c ym/nrf51-sdk/source/nrf51-sdk.a(device_manager_peripheral.c.o)
 .text.dm_pstorage_cb_handler
                0x000000000001e3ac      0x11c ym/nrf51-sdk/source/nrf51-sdk.a(device_manager_peripheral.c.o)
 .text.dm_init  0x000000000001e4c8       0xd4 ym/nrf51-sdk/source/nrf51-sdk.a(device_manager_peripheral.c.o)
                0x000000000001e4c8                dm_init
 .text.dm_register
                0x000000000001e59c       0x70 ym/nrf51-sdk/source/nrf51-sdk.a(device_manager_peripheral.c.o)
                0x000000000001e59c                dm_register
 .text.dm_security_status_req
                0x000000000001e60c       0x70 ym/nrf51-sdk/source/nrf51-sdk.a(device_manager_peripheral.c.o)
                0x000000000001e60c                dm_security_status_req
 .text.dm_whitelist_create
                0x000000000001e67c       0xcc ym/nrf51-sdk/source/nrf51-sdk.a(device_manager_peripheral.c.o)
                0x000000000001e67c                dm_whitelist_create
 .text.dm_device_delete_all
                0x000000000001e748       0x54 ym/nrf51-sdk/source/nrf51-sdk.a(device_manager_peripheral.c.o)
                0x000000000001e748                dm_device_delete_all
 .text.bond_data_load
                0x000000000001e79c       0x48 ym/nrf51-sdk/source/nrf51-sdk.a(device_manager_peripheral.c.o)
                0x000000000001e79c                bond_data_load
 .text.address_to_device_id
                0x000000000001e7e4       0x2c ym/nrf51-sdk/source/nrf51-sdk.a(device_manager_peripheral.c.o)
                0x000000000001e7e4                address_to_device_id
 .text.dm_ble_evt_handler
                0x000000000001e810      0x374 ym/nrf51-sdk/source/nrf51-sdk.a(device_manager_peripheral.c.o)
                0x000000000001e810                dm_ble_evt_handler
 .text.dm_handle_get
                0x000000000001eb84       0x48 ym/nrf51-sdk/source/nrf51-sdk.a(device_manager_peripheral.c.o)
                0x000000000001eb84                dm_handle_get
 .text.intern_softdevice_events_execute
                0x000000000001ebcc       0xac ym/nrf51-sdk/source/nrf51-sdk.a(softdevice_handler.c.o)
                0x000000000001ebcc                intern_softdevice_events_execute
 .text.softdevice_handler_init
                0x000000000001ec78       0x48 ym/nrf51-sdk/source/nrf51-sdk.a(softdevice_handler.c.o)
                0x000000000001ec78                softdevice_handler_init
 .text.softdevice_handler_sd_disable
                0x000000000001ecc0       0x18 ym/nrf51-sdk/source/nrf51-sdk.a(softdevice_handler.c.o)
                0x000000000001ecc0                softdevice_handler_sd_disable
 .text.softdevice_ble_evt_handler_set
                0x000000000001ecd8       0x14 ym/nrf51-sdk/source/nrf51-sdk.a(softdevice_handler.c.o)
                0x000000000001ecd8                softdevice_ble_evt_handler_set
 .text.softdevice_sys_evt_handler_set
                0x000000000001ecec       0x14 ym/nrf51-sdk/source/nrf51-sdk.a(softdevice_handler.c.o)
                0x000000000001ecec                softdevice_sys_evt_handler_set
 .text.SWI2_IRQHandler
                0x000000000001ed00       0x24 ym/nrf51-sdk/source/nrf51-sdk.a(softdevice_handler.c.o)
                0x000000000001ed00                SWI2_IRQHandler
 .text.SWI1_IRQHandler
                0x000000000001ed24       0x20 ym/nrf51-sdk/source/nrf51-sdk.a(ble_radio_notification.c.o)
                0x000000000001ed24                SWI1_IRQHandler
 .text.ble_radio_notification_init
                0x000000000001ed44       0x38 ym/nrf51-sdk/source/nrf51-sdk.a(ble_radio_notification.c.o)
                0x000000000001ed44                ble_radio_notification_init
 .text.pstorage_flash_page_end
                0x000000000001ed7c       0x20 ym/nrf51-sdk/source/nrf51-sdk.a(pstorage.c.o)
 .text.swap_sub_state_entry_action_run
                0x000000000001ed9c       0x18 ym/nrf51-sdk/source/nrf51-sdk.a(pstorage.c.o)
 .text.app_notify
                0x000000000001edb4       0x2c ym/nrf51-sdk/source/nrf51-sdk.a(pstorage.c.o)
 .text.is_page_erase_required
                0x000000000001ede0       0x50 ym/nrf51-sdk/source/nrf51-sdk.a(pstorage.c.o)
 .text.swap_sub_state_err_busy_process
                0x000000000001ee30       0x18 ym/nrf51-sdk/source/nrf51-sdk.a(pstorage.c.o)
 .text.data_to_swap_write_state_run
                0x000000000001ee48       0x30 ym/nrf51-sdk/source/nrf51-sdk.a(pstorage.c.o)
 .text.swap_erase_state_run
                0x000000000001ee78       0x24 ym/nrf51-sdk/source/nrf51-sdk.a(pstorage.c.o)
 .text.flash_api_err_code_process
                0x000000000001ee9c       0x40 ym/nrf51-sdk/source/nrf51-sdk.a(pstorage.c.o)
 .text.store_cmd_flash_write_execute
                0x000000000001eedc       0x54 ym/nrf51-sdk/source/nrf51-sdk.a(pstorage.c.o)
 .text.state_restore_head_entry_run
                0x000000000001ef30       0x34 ym/nrf51-sdk/source/nrf51-sdk.a(pstorage.c.o)
 .text.state_restore_tail_entry_run
                0x000000000001ef64       0x48 ym/nrf51-sdk/source/nrf51-sdk.a(pstorage.c.o)
 .text.state_write_data_swap_entry_run
                0x000000000001efac       0x2c ym/nrf51-sdk/source/nrf51-sdk.a(pstorage.c.o)
 .text.state_data_erase_entry_run
                0x000000000001efd8       0x14 ym/nrf51-sdk/source/nrf51-sdk.a(pstorage.c.o)
 .text.state_entry_action_run
                0x000000000001efec       0xc4 ym/nrf51-sdk/source/nrf51-sdk.a(pstorage.c.o)
 .text.clear_operation_execute
                0x000000000001f0b0      0x114 ym/nrf51-sdk/source/nrf51-sdk.a(pstorage.c.o)
 .text.cmd_process
                0x000000000001f1c4       0x40 ym/nrf51-sdk/source/nrf51-sdk.a(pstorage.c.o)
 .text.cmd_queue_enqueue
                0x000000000001f204       0x54 ym/nrf51-sdk/source/nrf51-sdk.a(pstorage.c.o)
 .text.command_end_procedure_run
                0x000000000001f258       0x54 ym/nrf51-sdk/source/nrf51-sdk.a(pstorage.c.o)
 .text.clear_post_processing_run
                0x000000000001f2ac       0x2c ym/nrf51-sdk/source/nrf51-sdk.a(pstorage.c.o)
 .text.head_restore_state_run
                0x000000000001f2d8       0x98 ym/nrf51-sdk/source/nrf51-sdk.a(pstorage.c.o)
 .text.tail_restore_state_run
                0x000000000001f370       0x1c ym/nrf51-sdk/source/nrf51-sdk.a(pstorage.c.o)
 .text.data_page_erase_state_run
                0x000000000001f38c       0x74 ym/nrf51-sdk/source/nrf51-sdk.a(pstorage.c.o)
 .text.flash_operation_success_run
                0x000000000001f400       0x98 ym/nrf51-sdk/source/nrf51-sdk.a(pstorage.c.o)
 .text.pstorage_sys_event_handler
                0x000000000001f498       0x68 ym/nrf51-sdk/source/nrf51-sdk.a(pstorage.c.o)
                0x000000000001f498                pstorage_sys_event_handler
 .text.pstorage_init
                0x000000000001f500       0x80 ym/nrf51-sdk/source/nrf51-sdk.a(pstorage.c.o)
                0x000000000001f500                pstorage_init
 .text.pstorage_register
                0x000000000001f580       0xbc ym/nrf51-sdk/source/nrf51-sdk.a(pstorage.c.o)
                0x000000000001f580                pstorage_register
 .text.pstorage_block_identifier_get
                0x000000000001f63c       0x4c ym/nrf51-sdk/source/nrf51-sdk.a(pstorage.c.o)
                0x000000000001f63c                pstorage_block_identifier_get
 .text.pstorage_store
                0x000000000001f688       0x78 ym/nrf51-sdk/source/nrf51-sdk.a(pstorage.c.o)
                0x000000000001f688                pstorage_store
 .text.pstorage_update
                0x000000000001f700       0x78 ym/nrf51-sdk/source/nrf51-sdk.a(pstorage.c.o)
                0x000000000001f700                pstorage_update
 .text.pstorage_load
                0x000000000001f778       0x94 ym/nrf51-sdk/source/nrf51-sdk.a(pstorage.c.o)
                0x000000000001f778                pstorage_load
 .text.pstorage_clear
                0x000000000001f80c       0x84 ym/nrf51-sdk/source/nrf51-sdk.a(pstorage.c.o)
                0x000000000001f80c                pstorage_clear
 .text._ZN4mbed3I2CC2E7PinNameS1_
                0x000000000001f890       0x30 ym/mbed-classic/existing/mbed-classic.a(I2C.cpp.o)
                0x000000000001f890                mbed::I2C::I2C(PinName, PinName)
                0x000000000001f890                mbed::I2C::I2C(PinName, PinName)
 .text._ZN4mbed3I2C6aquireEv
                0x000000000001f8c0       0x1c ym/mbed-classic/existing/mbed-classic.a(I2C.cpp.o)
                0x000000000001f8c0                mbed::I2C::aquire()
 .text._ZN4mbed11InterruptInD2Ev
                0x000000000001f8dc       0x18 ym/mbed-classic/existing/mbed-classic.a(InterruptIn.cpp.o)
                0x000000000001f8dc                mbed::InterruptIn::~InterruptIn()
                0x000000000001f8dc                mbed::InterruptIn::~InterruptIn()
 .text._ZN4mbed11InterruptInC2E7PinName
                0x000000000001f8f4       0x48 ym/mbed-classic/existing/mbed-classic.a(InterruptIn.cpp.o)
                0x000000000001f8f4                mbed::InterruptIn::InterruptIn(PinName)
                0x000000000001f8f4                mbed::InterruptIn::InterruptIn(PinName)
 .text._ZN4mbed9RawSerialC2E7PinNameS1_
                0x000000000001f93c       0x14 ym/mbed-classic/existing/mbed-classic.a(RawSerial.cpp.o)
                0x000000000001f93c                mbed::RawSerial::RawSerial(PinName, PinName)
                0x000000000001f93c                mbed::RawSerial::RawSerial(PinName, PinName)
 .text._ZN4mbed10SerialBaseC2E7PinNameS1_
                0x000000000001f950       0x3c ym/mbed-classic/existing/mbed-classic.a(SerialBase.cpp.o)
                0x000000000001f950                mbed::SerialBase::SerialBase(PinName, PinName)
                0x000000000001f950                mbed::SerialBase::SerialBase(PinName, PinName)
 .text._ZN4mbed7TimeoutD2Ev
                0x000000000001f98c       0x1c ym/mbed-classic/existing/mbed-classic.a(Timeout.cpp.o)
                0x000000000001f98c                mbed::Timeout::~Timeout()
                0x000000000001f98c                mbed::Timeout::~Timeout()
 .text._ZN4mbed10TimerEventC2Ev
                0x000000000001f9a8       0x2c ym/mbed-classic/existing/mbed-classic.a(TimerEvent.cpp.o)
                0x000000000001f9a8                mbed::TimerEvent::TimerEvent()
                0x000000000001f9a8                mbed::TimerEvent::TimerEvent()
 .text._ZN4mbed10TimerEventD2Ev
                0x000000000001f9d4       0x18 ym/mbed-classic/existing/mbed-classic.a(TimerEvent.cpp.o)
                0x000000000001f9d4                mbed::TimerEvent::~TimerEvent()
                0x000000000001f9d4                mbed::TimerEvent::~TimerEvent()
 .text.get_us_ticker_data
                0x000000000001f9ec        0x8 ym/mbed-classic/existing/mbed-classic.a(us_ticker_api.c.o)
                0x000000000001f9ec                get_us_ticker_data
 .text.us_ticker_irq_handler
                0x000000000001f9f4       0x10 ym/mbed-classic/existing/mbed-classic.a(us_ticker_api.c.o)
                0x000000000001f9f4                us_ticker_irq_handler
 .text          0x000000000001fa04       0x48 ym/mbed-classic/existing/mbed-classic.a(startup_NRF51822.S.obj)
                0x000000000001fa04                Reset_Handler
                0x000000000001fa40                NMI_Handler
                0x000000000001fa42                HardFault_Handler
                0x000000000001fa44                SVC_Handler
                0x000000000001fa46                PendSV_Handler
                0x000000000001fa48                SysTick_Handler
                0x000000000001fa4a                QDEC_IRQHandler
                0x000000000001fa4a                SWI5_IRQHandler
                0x000000000001fa4a                TIMER0_IRQHandler
                0x000000000001fa4a                SWI0_IRQHandler
                0x000000000001fa4a                ECB_IRQHandler
                0x000000000001fa4a                Default_Handler
                0x000000000001fa4a                ADC_IRQHandler
                0x000000000001fa4a                SWI3_IRQHandler
                0x000000000001fa4a                CCM_AAR_IRQHandler
                0x000000000001fa4a                WDT_IRQHandler
                0x000000000001fa4a                RNG_IRQHandler
                0x000000000001fa4a                SPI1_TWI1_IRQHandler
                0x000000000001fa4a                SPI0_TWI0_IRQHandler
                0x000000000001fa4a                RTC1_IRQHandler
                0x000000000001fa4a                RTC0_IRQHandler
                0x000000000001fa4a                POWER_CLOCK_IRQHandler
                0x000000000001fa4a                LPCOMP_IRQHandler
                0x000000000001fa4a                SWI4_IRQHandler
                0x000000000001fa4a                TEMP_IRQHandler
 .text.analogin_init
                0x000000000001fa4c       0x4c ym/mbed-classic/existing/mbed-classic.a(analogin_api.c.o)
                0x000000000001fa4c                analogin_init
 .text.analogin_read_u16
                0x000000000001fa98       0x3c ym/mbed-classic/existing/mbed-classic.a(analogin_api.c.o)
                0x000000000001fa98                analogin_read_u16
 .text.gpio_init
                0x000000000001fad4       0x30 ym/mbed-classic/existing/mbed-classic.a(gpio_api.c.o)
                0x000000000001fad4                gpio_init
 .text.GPIOTE_IRQHandler
                0x000000000001fb04       0xf4 ym/mbed-classic/existing/mbed-classic.a(gpio_irq_api.c.o)
                0x000000000001fb04                GPIOTE_IRQHandler
 .text.gpio_irq_init
                0x000000000001fbf8       0x60 ym/mbed-classic/existing/mbed-classic.a(gpio_irq_api.c.o)
                0x000000000001fbf8                gpio_irq_init
 .text.gpio_irq_free
                0x000000000001fc58       0x10 ym/mbed-classic/existing/mbed-classic.a(gpio_irq_api.c.o)
                0x000000000001fc58                gpio_irq_free
 .text.gpio_irq_set
                0x000000000001fc68       0x9c ym/mbed-classic/existing/mbed-classic.a(gpio_irq_api.c.o)
                0x000000000001fc68                gpio_irq_set
 .text.i2c_do_write
                0x000000000001fd04       0x28 ym/mbed-classic/existing/mbed-classic.a(i2c_api.c.o)
                0x000000000001fd04                i2c_do_write
 .text.i2c_do_read
                0x000000000001fd2c       0x3c ym/mbed-classic/existing/mbed-classic.a(i2c_api.c.o)
                0x000000000001fd2c                i2c_do_read
 .text.i2c_frequency
                0x000000000001fd68       0x48 ym/mbed-classic/existing/mbed-classic.a(i2c_api.c.o)
                0x000000000001fd68                i2c_frequency
 .text.twi_master_init
                0x000000000001fdb0       0x44 ym/mbed-classic/existing/mbed-classic.a(i2c_api.c.o)
                0x000000000001fdb0                twi_master_init
 .text.i2c_init
                0x000000000001fdf4       0xc4 ym/mbed-classic/existing/mbed-classic.a(i2c_api.c.o)
                0x000000000001fdf4                i2c_init
 .text.i2c_reset
                0x000000000001feb8       0x30 ym/mbed-classic/existing/mbed-classic.a(i2c_api.c.o)
                0x000000000001feb8                i2c_reset
 .text.i2c_stop
                0x000000000001fee8       0x34 ym/mbed-classic/existing/mbed-classic.a(i2c_api.c.o)
                0x000000000001fee8                i2c_stop
 .text.checkError
                0x000000000001ff1c       0x28 ym/mbed-classic/existing/mbed-classic.a(i2c_api.c.o)
                0x000000000001ff1c                checkError
 .text.port_init
                0x000000000001ff44       0x28 ym/mbed-classic/existing/mbed-classic.a(port_api.c.o)
                0x000000000001ff44                port_init
 .text.pwm_get_channel
                0x000000000001ff6c       0x3c ym/mbed-classic/existing/mbed-classic.a(pwmout_api.c.o)
 .text.pwm_disconnect
                0x000000000001ffa8       0x60 ym/mbed-classic/existing/mbed-classic.a(pwmout_api.c.o)
 .text.pwm_allocate_channel
                0x0000000000020008       0x54 ym/mbed-classic/existing/mbed-classic.a(pwmout_api.c.o)
 .text.pwm_connect
                0x000000000002005c       0x88 ym/mbed-classic/existing/mbed-classic.a(pwmout_api.c.o)
 .text.TIMER2_IRQHandler
                0x00000000000200e4       0x68 ym/mbed-classic/existing/mbed-classic.a(pwmout_api.c.o)
                0x00000000000200e4                TIMER2_IRQHandler
 .text.pwmout_pulsewidth_us
                0x000000000002014c       0xb8 ym/mbed-classic/existing/mbed-classic.a(pwmout_api.c.o)
                0x000000000002014c                pwmout_pulsewidth_us
 .text.pwmout_init
                0x0000000000020204       0xbc ym/mbed-classic/existing/mbed-classic.a(pwmout_api.c.o)
                0x0000000000020204                pwmout_init
 .text.pwmout_write
                0x00000000000202c0       0x28 ym/mbed-classic/existing/mbed-classic.a(pwmout_api.c.o)
                0x00000000000202c0                pwmout_write
 .text.pwmout_period_us
                0x00000000000202e8       0xb0 ym/mbed-classic/existing/mbed-classic.a(pwmout_api.c.o)
                0x00000000000202e8                pwmout_period_us
 .text.serial_baud.part.0
                0x0000000000020398       0x38 ym/mbed-classic/existing/mbed-classic.a(serial_api.c.o)
 .text.serial_init
                0x00000000000203d0       0xb8 ym/mbed-classic/existing/mbed-classic.a(serial_api.c.o)
                0x00000000000203d0                serial_init
 .text.serial_baud
                0x0000000000020488       0x20 ym/mbed-classic/existing/mbed-classic.a(serial_api.c.o)
                0x0000000000020488                serial_baud
 .text.UART0_IRQHandler
                0x00000000000204a8       0x4c ym/mbed-classic/existing/mbed-classic.a(serial_api.c.o)
                0x00000000000204a8                UART0_IRQHandler
 .text.serial_irq_handler
                0x00000000000204f4       0x18 ym/mbed-classic/existing/mbed-classic.a(serial_api.c.o)
                0x00000000000204f4                serial_irq_handler
 .text.twi_master_clear_bus
                0x000000000002050c       0xb0 ym/mbed-classic/existing/mbed-classic.a(twi_master.c.o)
 .text.twi_master_init_and_clear
                0x00000000000205bc       0x74 ym/mbed-classic/existing/mbed-classic.a(twi_master.c.o)
                0x00000000000205bc                twi_master_init_and_clear
 .text.tmr1_getCounter64
                0x0000000000020630       0x50 ym/mbed-classic/existing/mbed-classic.a(us_ticker.c.o)
 .text.TIMER1_IRQHandler
                0x0000000000020680       0x50 ym/mbed-classic/existing/mbed-classic.a(us_ticker.c.o)
                0x0000000000020680                TIMER1_IRQHandler
 .text.us_ticker_init
                0x00000000000206d0       0x8c ym/mbed-classic/existing/mbed-classic.a(us_ticker.c.o)
                0x00000000000206d0                us_ticker_init
 .text.us_ticker_read
                0x000000000002075c       0x18 ym/mbed-classic/existing/mbed-classic.a(us_ticker.c.o)
                0x000000000002075c                us_ticker_read
 .text.us_ticker_set_interrupt
                0x0000000000020774       0x54 ym/mbed-classic/existing/mbed-classic.a(us_ticker.c.o)
                0x0000000000020774                us_ticker_set_interrupt
 .text.pinmap_peripheral
                0x00000000000207c8       0x20 ym/mbed-classic/existing/mbed-classic.a(pinmap_common.c.o)
                0x00000000000207c8                pinmap_peripheral
 .text.SystemInit
                0x00000000000207e8       0xac ym/mbed-classic/existing/mbed-classic.a(system_nrf51.c.o)
                0x00000000000207e8                SystemInit
 .text._ZSt15get_new_handlerv
                0x0000000000020894        0xc /usr/local/Cellar/arm-none-eabi-gcc/8-2018-q4-major/gcc/bin/../lib/gcc/arm-none-eabi/8.2.1/../../../../arm-none-eabi/lib/thumb/v6-m/nofp/libstdc++_nano.a(new_handler.o)
                0x0000000000020894                std::get_new_handler()
 .text          0x00000000000208a0       0x14 /usr/local/Cellar/arm-none-eabi-gcc/8-2018-q4-major/gcc/bin/../lib/gcc/arm-none-eabi/8.2.1/thumb/v6-m/nofp/libgcc.a(_thumb1_case_uqi.o)
                0x00000000000208a0                __gnu_thumb1_case_uqi
 .text          0x00000000000208b4      0x114 /usr/local/Cellar/arm-none-eabi-gcc/8-2018-q4-major/gcc/bin/../lib/gcc/arm-none-eabi/8.2.1/thumb/v6-m/nofp/libgcc.a(_udivsi3.o)
                0x00000000000208b4                __udivsi3
                0x00000000000208b4                __aeabi_uidiv
                0x00000000000209c0                __aeabi_uidivmod
 .text          0x00000000000209c8      0x1d4 /usr/local/Cellar/arm-none-eabi-gcc/8-2018-q4-major/gcc/bin/../lib/gcc/arm-none-eabi/8.2.1/thumb/v6-m/nofp/libgcc.a(_divsi3.o)
                0x00000000000209c8                __aeabi_idiv
                0x00000000000209c8                __divsi3
                0x0000000000020b94                __aeabi_idivmod
 .text          0x0000000000020b9c        0x4 /usr/local/Cellar/arm-none-eabi-gcc/8-2018-q4-major/gcc/bin/../lib/gcc/arm-none-eabi/8.2.1/thumb/v6-m/nofp/libgcc.a(_dvmd_tls.o)
                0x0000000000020b9c                __aeabi_ldiv0
                0x0000000000020b9c                __aeabi_idiv0
 .text          0x0000000000020ba0       0x74 /usr/local/Cellar/arm-none-eabi-gcc/8-2018-q4-major/gcc/bin/../lib/gcc/arm-none-eabi/8.2.1/thumb/v6-m/nofp/libgcc.a(_arm_cmpsf2.o)
                0x0000000000020ba0                __aeabi_cfrcmple
                0x0000000000020ba8                __aeabi_cfcmple
                0x0000000000020ba8                __aeabi_cfcmpeq
                0x0000000000020bb8                __aeabi_fcmpeq
                0x0000000000020bc4                __aeabi_fcmplt
                0x0000000000020bd8                __aeabi_fcmple
                0x0000000000020bec                __aeabi_fcmpgt
                0x0000000000020c00                __aeabi_fcmpge
 .text          0x0000000000020c14       0x40 /usr/local/Cellar/arm-none-eabi-gcc/8-2018-q4-major/gcc/bin/../lib/gcc/arm-none-eabi/8.2.1/thumb/v6-m/nofp/libgcc.a(_aeabi_uldivmod.o)
                0x0000000000020c14                __aeabi_uldivmod
 .text          0x0000000000020c54       0x30 /usr/local/Cellar/arm-none-eabi-gcc/8-2018-q4-major/gcc/bin/../lib/gcc/arm-none-eabi/8.2.1/thumb/v6-m/nofp/libgcc.a(_fixunssfsi.o)
                0x0000000000020c54                __aeabi_f2uiz
                0x0000000000020c54                __fixunssfsi
 .text          0x0000000000020c84      0x1a4 /usr/local/Cellar/arm-none-eabi-gcc/8-2018-q4-major/gcc/bin/../lib/gcc/arm-none-eabi/8.2.1/thumb/v6-m/nofp/libgcc.a(_udivmoddi4.o)
                0x0000000000020c84                __udivmoddi4
 .text          0x0000000000020e28      0x2f8 /usr/local/Cellar/arm-none-eabi-gcc/8-2018-q4-major/gcc/bin/../lib/gcc/arm-none-eabi/8.2.1/thumb/v6-m/nofp/libgcc.a(addsf3.o)
                0x0000000000020e28                __aeabi_fadd
 .text          0x0000000000021120      0x230 /usr/local/Cellar/arm-none-eabi-gcc/8-2018-q4-major/gcc/bin/../lib/gcc/arm-none-eabi/8.2.1/thumb/v6-m/nofp/libgcc.a(divsf3.o)
                0x0000000000021120                __aeabi_fdiv
 .text          0x0000000000021350       0x50 /usr/local/Cellar/arm-none-eabi-gcc/8-2018-q4-major/gcc/bin/../lib/gcc/arm-none-eabi/8.2.1/thumb/v6-m/nofp/libgcc.a(eqsf2.o)
                0x0000000000021350                __nesf2
                0x0000000000021350                __eqsf2
 .text          0x00000000000213a0       0x9c /usr/local/Cellar/arm-none-eabi-gcc/8-2018-q4-major/gcc/bin/../lib/gcc/arm-none-eabi/8.2.1/thumb/v6-m/nofp/libgcc.a(gesf2.o)
                0x00000000000213a0                __gtsf2
                0x00000000000213a0                __gesf2
 .text          0x000000000002143c       0x9c /usr/local/Cellar/arm-none-eabi-gcc/8-2018-q4-major/gcc/bin/../lib/gcc/arm-none-eabi/8.2.1/thumb/v6-m/nofp/libgcc.a(lesf2.o)
                0x000000000002143c                __lesf2
                0x000000000002143c                __ltsf2
 .text          0x00000000000214d8      0x22c /usr/local/Cellar/arm-none-eabi-gcc/8-2018-q4-major/gcc/bin/../lib/gcc/arm-none-eabi/8.2.1/thumb/v6-m/nofp/libgcc.a(mulsf3.o)
                0x00000000000214d8                __aeabi_fmul